###############################################################################
#
# IAR ELF Linker V9.60.3.422/W64 for ARM                  11/Apr/2025  11:29:53
# Copyright 2007-2024 IAR Systems AB.
#
#    Output file  =
#        C:\Users\alexandre estor\OneDrive -
#        STMicroelectronics\Documents\IAR_tof8\U3_SW040\Projects\Naquada\App\TZDisabled\EWARM\NUCLEO-U385RG_Templates_Legacy\Exe\Project.out
#    Map file     =
#        C:\Users\alexandre estor\OneDrive -
#        STMicroelectronics\Documents\IAR_tof8\U3_SW040\Projects\Naquada\App\TZDisabled\EWARM\NUCLEO-U385RG_Templates_Legacy\List\Project.map
#    Command line =
#        -f "C:\Users\alexandre estor\OneDrive -
#        STMicroelectronics\Documents\IAR_tof8\U3_SW040\Projects\Naquada\App\TZDisabled\EWARM\NUCLEO-U385RG_Templates_Legacy\Exe\Project.out.rsp"
#        ("C:\Users\alexandre estor\OneDrive -
#        STMicroelectronics\Documents\IAR_tof8\U3_SW040\Projects\Naquada\App\TZDisabled\EWARM\NUCLEO-U385RG_Templates_Legacy\Obj\BSP_16987466797925798938.dir\AE_vl53l8.o"
#        "C:\Users\alexandre estor\OneDrive -
#        STMicroelectronics\Documents\IAR_tof8\U3_SW040\Projects\Naquada\App\TZDisabled\EWARM\NUCLEO-U385RG_Templates_Legacy\Obj\BSP_16987466797925798938.dir\analog.o"
#        "C:\Users\alexandre estor\OneDrive -
#        STMicroelectronics\Documents\IAR_tof8\U3_SW040\Projects\Naquada\App\TZDisabled\EWARM\NUCLEO-U385RG_Templates_Legacy\Obj\User_7280784329937237312.dir\app.o"
#        "C:\Users\alexandre estor\OneDrive -
#        STMicroelectronics\Documents\IAR_tof8\U3_SW040\Projects\Naquada\App\TZDisabled\EWARM\NUCLEO-U385RG_Templates_Legacy\Obj\User_7280784329937237312.dir\app_init.o"
#        "C:\Users\alexandre estor\OneDrive -
#        STMicroelectronics\Documents\IAR_tof8\U3_SW040\Projects\Naquada\App\TZDisabled\EWARM\NUCLEO-U385RG_Templates_Legacy\Obj\User_7280784329937237312.dir\app_polling.o"
#        "C:\Users\alexandre estor\OneDrive -
#        STMicroelectronics\Documents\IAR_tof8\U3_SW040\Projects\Naquada\App\TZDisabled\EWARM\NUCLEO-U385RG_Templates_Legacy\Obj\User_7280784329937237312.dir\brisk_reports.o"
#        "C:\Users\alexandre estor\OneDrive -
#        STMicroelectronics\Documents\IAR_tof8\U3_SW040\Projects\Naquada\App\TZDisabled\EWARM\NUCLEO-U385RG_Templates_Legacy\Obj\User_7280784329937237312.dir\BTEL_drivers.o"
#        "C:\Users\alexandre estor\OneDrive -
#        STMicroelectronics\Documents\IAR_tof8\U3_SW040\Projects\Naquada\App\TZDisabled\EWARM\NUCLEO-U385RG_Templates_Legacy\Obj\BSP_16987466797925798938.dir\commons.o"
#        "C:\Users\alexandre estor\OneDrive -
#        STMicroelectronics\Documents\IAR_tof8\U3_SW040\Projects\Naquada\App\TZDisabled\EWARM\NUCLEO-U385RG_Templates_Legacy\Obj\BSP_16987466797925798938.dir\HabuLQFP100_SMPS.o"
#        "C:\Users\alexandre estor\OneDrive -
#        STMicroelectronics\Documents\IAR_tof8\U3_SW040\Projects\Naquada\App\TZDisabled\EWARM\NUCLEO-U385RG_Templates_Legacy\Obj\BUS_6704256982988483995.dir\I2C_MasterIO.o"
#        "C:\Users\alexandre estor\OneDrive -
#        STMicroelectronics\Documents\IAR_tof8\U3_SW040\Projects\Naquada\App\TZDisabled\EWARM\NUCLEO-U385RG_Templates_Legacy\Obj\BSP_16987466797925798938.dir\io_drive.o"
#        "C:\Users\alexandre estor\OneDrive -
#        STMicroelectronics\Documents\IAR_tof8\U3_SW040\Projects\Naquada\App\TZDisabled\EWARM\NUCLEO-U385RG_Templates_Legacy\Obj\BSP_16987466797925798938.dir\LCD_16x2.o"
#        "C:\Users\alexandre estor\OneDrive -
#        STMicroelectronics\Documents\IAR_tof8\U3_SW040\Projects\Naquada\App\TZDisabled\EWARM\NUCLEO-U385RG_Templates_Legacy\Obj\BSP_16987466797925798938.dir\LEDs.o"
#        "C:\Users\alexandre estor\OneDrive -
#        STMicroelectronics\Documents\IAR_tof8\U3_SW040\Projects\Naquada\App\TZDisabled\EWARM\NUCLEO-U385RG_Templates_Legacy\Obj\Sensors_7080110685326339521.dir\lis2du12_reg.o"
#        "C:\Users\alexandre estor\OneDrive -
#        STMicroelectronics\Documents\IAR_tof8\U3_SW040\Projects\Naquada\App\TZDisabled\EWARM\NUCLEO-U385RG_Templates_Legacy\Obj\BSP_16987466797925798938.dir\m95p32_hal_xspi.o"
#        "C:\Users\alexandre estor\OneDrive -
#        STMicroelectronics\Documents\IAR_tof8\U3_SW040\Projects\Naquada\App\TZDisabled\EWARM\NUCLEO-U385RG_Templates_Legacy\Obj\User_7280784329937237312.dir\main.o"
#        "C:\Users\alexandre estor\OneDrive -
#        STMicroelectronics\Documents\IAR_tof8\U3_SW040\Projects\Naquada\App\TZDisabled\EWARM\NUCLEO-U385RG_Templates_Legacy\Obj\BUS_6704256982988483995.dir\octospi
#        1.o" "C:\Users\alexandre estor\OneDrive -
#        STMicroelectronics\Documents\IAR_tof8\U3_SW040\Projects\Naquada\App\TZDisabled\EWARM\NUCLEO-U385RG_Templates_Legacy\Obj\Sensors_7080110685326339521.dir\platform.o"
#        "C:\Users\alexandre estor\OneDrive -
#        STMicroelectronics\Documents\IAR_tof8\U3_SW040\Projects\Naquada\App\TZDisabled\EWARM\NUCLEO-U385RG_Templates_Legacy\Obj\Sensors_7080110685326339521.dir\sensors.o"
#        "C:\Users\alexandre estor\OneDrive -
#        STMicroelectronics\Documents\IAR_tof8\U3_SW040\Projects\Naquada\App\TZDisabled\EWARM\NUCLEO-U385RG_Templates_Legacy\Obj\BUS_6704256982988483995.dir\SerialComPort.o"
#        "C:\Users\alexandre estor\OneDrive -
#        STMicroelectronics\Documents\IAR_tof8\U3_SW040\Projects\Naquada\App\TZDisabled\EWARM\NUCLEO-U385RG_Templates_Legacy\Obj\BUS_6704256982988483995.dir\SPI_MasterIO.o"
#        "C:\Users\alexandre estor\OneDrive -
#        STMicroelectronics\Documents\IAR_tof8\U3_SW040\Projects\Naquada\App\TZDisabled\EWARM\NUCLEO-U385RG_Templates_Legacy\Obj\EWARM_7214922893274846302.dir\startup_stm32u385xx.o"
#        "C:\Users\alexandre estor\OneDrive -
#        STMicroelectronics\Documents\IAR_tof8\U3_SW040\Projects\Naquada\App\TZDisabled\EWARM\NUCLEO-U385RG_Templates_Legacy\Obj\Sensors_7080110685326339521.dir\sths34pf80_reg.o"
#        "C:\Users\alexandre estor\OneDrive -
#        STMicroelectronics\Documents\IAR_tof8\U3_SW040\Projects\Naquada\App\TZDisabled\EWARM\NUCLEO-U385RG_Templates_Legacy\Obj\STM32U3xx_HAL_Driver_10217621924548668335.dir\stm32u3xx_hal.o"
#        "C:\Users\alexandre estor\OneDrive -
#        STMicroelectronics\Documents\IAR_tof8\U3_SW040\Projects\Naquada\App\TZDisabled\EWARM\NUCLEO-U385RG_Templates_Legacy\Obj\STM32U3xx_HAL_Driver_10217621924548668335.dir\stm32u3xx_hal_adc.o"
#        "C:\Users\alexandre estor\OneDrive -
#        STMicroelectronics\Documents\IAR_tof8\U3_SW040\Projects\Naquada\App\TZDisabled\EWARM\NUCLEO-U385RG_Templates_Legacy\Obj\STM32U3xx_HAL_Driver_10217621924548668335.dir\stm32u3xx_hal_adc_ex.o"
#        "C:\Users\alexandre estor\OneDrive -
#        STMicroelectronics\Documents\IAR_tof8\U3_SW040\Projects\Naquada\App\TZDisabled\EWARM\NUCLEO-U385RG_Templates_Legacy\Obj\STM32U3xx_HAL_Driver_10217621924548668335.dir\stm32u3xx_hal_ccb.o"
#        "C:\Users\alexandre estor\OneDrive -
#        STMicroelectronics\Documents\IAR_tof8\U3_SW040\Projects\Naquada\App\TZDisabled\EWARM\NUCLEO-U385RG_Templates_Legacy\Obj\STM32U3xx_HAL_Driver_10217621924548668335.dir\stm32u3xx_hal_comp.o"
#        "C:\Users\alexandre estor\OneDrive -
#        STMicroelectronics\Documents\IAR_tof8\U3_SW040\Projects\Naquada\App\TZDisabled\EWARM\NUCLEO-U385RG_Templates_Legacy\Obj\STM32U3xx_HAL_Driver_10217621924548668335.dir\stm32u3xx_hal_cortex.o"
#        "C:\Users\alexandre estor\OneDrive -
#        STMicroelectronics\Documents\IAR_tof8\U3_SW040\Projects\Naquada\App\TZDisabled\EWARM\NUCLEO-U385RG_Templates_Legacy\Obj\STM32U3xx_HAL_Driver_10217621924548668335.dir\stm32u3xx_hal_dac.o"
#        "C:\Users\alexandre estor\OneDrive -
#        STMicroelectronics\Documents\IAR_tof8\U3_SW040\Projects\Naquada\App\TZDisabled\EWARM\NUCLEO-U385RG_Templates_Legacy\Obj\STM32U3xx_HAL_Driver_10217621924548668335.dir\stm32u3xx_hal_dac_ex.o"
#        "C:\Users\alexandre estor\OneDrive -
#        STMicroelectronics\Documents\IAR_tof8\U3_SW040\Projects\Naquada\App\TZDisabled\EWARM\NUCLEO-U385RG_Templates_Legacy\Obj\STM32U3xx_HAL_Driver_10217621924548668335.dir\stm32u3xx_hal_dma.o"
#        "C:\Users\alexandre estor\OneDrive -
#        STMicroelectronics\Documents\IAR_tof8\U3_SW040\Projects\Naquada\App\TZDisabled\EWARM\NUCLEO-U385RG_Templates_Legacy\Obj\STM32U3xx_HAL_Driver_10217621924548668335.dir\stm32u3xx_hal_dma_ex.o"
#        "C:\Users\alexandre estor\OneDrive -
#        STMicroelectronics\Documents\IAR_tof8\U3_SW040\Projects\Naquada\App\TZDisabled\EWARM\NUCLEO-U385RG_Templates_Legacy\Obj\STM32U3xx_HAL_Driver_10217621924548668335.dir\stm32u3xx_hal_exti.o"
#        "C:\Users\alexandre estor\OneDrive -
#        STMicroelectronics\Documents\IAR_tof8\U3_SW040\Projects\Naquada\App\TZDisabled\EWARM\NUCLEO-U385RG_Templates_Legacy\Obj\STM32U3xx_HAL_Driver_10217621924548668335.dir\stm32u3xx_hal_flash.o"
#        "C:\Users\alexandre estor\OneDrive -
#        STMicroelectronics\Documents\IAR_tof8\U3_SW040\Projects\Naquada\App\TZDisabled\EWARM\NUCLEO-U385RG_Templates_Legacy\Obj\STM32U3xx_HAL_Driver_10217621924548668335.dir\stm32u3xx_hal_flash_ex.o"
#        "C:\Users\alexandre estor\OneDrive -
#        STMicroelectronics\Documents\IAR_tof8\U3_SW040\Projects\Naquada\App\TZDisabled\EWARM\NUCLEO-U385RG_Templates_Legacy\Obj\STM32U3xx_HAL_Driver_10217621924548668335.dir\stm32u3xx_hal_gpio.o"
#        "C:\Users\alexandre estor\OneDrive -
#        STMicroelectronics\Documents\IAR_tof8\U3_SW040\Projects\Naquada\App\TZDisabled\EWARM\NUCLEO-U385RG_Templates_Legacy\Obj\STM32U3xx_HAL_Driver_10217621924548668335.dir\stm32u3xx_hal_gtzc.o"
#        "C:\Users\alexandre estor\OneDrive -
#        STMicroelectronics\Documents\IAR_tof8\U3_SW040\Projects\Naquada\App\TZDisabled\EWARM\NUCLEO-U385RG_Templates_Legacy\Obj\STM32U3xx_HAL_Driver_10217621924548668335.dir\stm32u3xx_hal_hcd.o"
#        "C:\Users\alexandre estor\OneDrive -
#        STMicroelectronics\Documents\IAR_tof8\U3_SW040\Projects\Naquada\App\TZDisabled\EWARM\NUCLEO-U385RG_Templates_Legacy\Obj\STM32U3xx_HAL_Driver_10217621924548668335.dir\stm32u3xx_hal_i2c.o"
#        "C:\Users\alexandre estor\OneDrive -
#        STMicroelectronics\Documents\IAR_tof8\U3_SW040\Projects\Naquada\App\TZDisabled\EWARM\NUCLEO-U385RG_Templates_Legacy\Obj\STM32U3xx_HAL_Driver_10217621924548668335.dir\stm32u3xx_hal_i2c_ex.o"
#        "C:\Users\alexandre estor\OneDrive -
#        STMicroelectronics\Documents\IAR_tof8\U3_SW040\Projects\Naquada\App\TZDisabled\EWARM\NUCLEO-U385RG_Templates_Legacy\Obj\STM32U3xx_HAL_Driver_10217621924548668335.dir\stm32u3xx_hal_i3c.o"
#        "C:\Users\alexandre estor\OneDrive -
#        STMicroelectronics\Documents\IAR_tof8\U3_SW040\Projects\Naquada\App\TZDisabled\EWARM\NUCLEO-U385RG_Templates_Legacy\Obj\STM32U3xx_HAL_Driver_10217621924548668335.dir\stm32u3xx_hal_icache.o"
#        "C:\Users\alexandre estor\OneDrive -
#        STMicroelectronics\Documents\IAR_tof8\U3_SW040\Projects\Naquada\App\TZDisabled\EWARM\NUCLEO-U385RG_Templates_Legacy\Obj\STM32U3xx_HAL_Driver_10217621924548668335.dir\stm32u3xx_hal_lptim.o"
#        "C:\Users\alexandre estor\OneDrive -
#        STMicroelectronics\Documents\IAR_tof8\U3_SW040\Projects\Naquada\App\TZDisabled\EWARM\NUCLEO-U385RG_Templates_Legacy\Obj\STM32U3xx_HAL_Driver_10217621924548668335.dir\stm32u3xx_hal_mdf.o"
#        "C:\Users\alexandre estor\OneDrive -
#        STMicroelectronics\Documents\IAR_tof8\U3_SW040\Projects\Naquada\App\TZDisabled\EWARM\NUCLEO-U385RG_Templates_Legacy\Obj\User_7280784329937237312.dir\stm32u3xx_hal_msp.o"
#        "C:\Users\alexandre estor\OneDrive -
#        STMicroelectronics\Documents\IAR_tof8\U3_SW040\Projects\Naquada\App\TZDisabled\EWARM\NUCLEO-U385RG_Templates_Legacy\Obj\STM32U3xx_HAL_Driver_10217621924548668335.dir\stm32u3xx_hal_opamp.o"
#        "C:\Users\alexandre estor\OneDrive -
#        STMicroelectronics\Documents\IAR_tof8\U3_SW040\Projects\Naquada\App\TZDisabled\EWARM\NUCLEO-U385RG_Templates_Legacy\Obj\STM32U3xx_HAL_Driver_10217621924548668335.dir\stm32u3xx_hal_pcd.o"
#        "C:\Users\alexandre estor\OneDrive -
#        STMicroelectronics\Documents\IAR_tof8\U3_SW040\Projects\Naquada\App\TZDisabled\EWARM\NUCLEO-U385RG_Templates_Legacy\Obj\STM32U3xx_HAL_Driver_10217621924548668335.dir\stm32u3xx_hal_pcd_ex.o"
#        "C:\Users\alexandre estor\OneDrive -
#        STMicroelectronics\Documents\IAR_tof8\U3_SW040\Projects\Naquada\App\TZDisabled\EWARM\NUCLEO-U385RG_Templates_Legacy\Obj\STM32U3xx_HAL_Driver_10217621924548668335.dir\stm32u3xx_hal_pwr.o"
#        "C:\Users\alexandre estor\OneDrive -
#        STMicroelectronics\Documents\IAR_tof8\U3_SW040\Projects\Naquada\App\TZDisabled\EWARM\NUCLEO-U385RG_Templates_Legacy\Obj\STM32U3xx_HAL_Driver_10217621924548668335.dir\stm32u3xx_hal_pwr_ex.o"
#        "C:\Users\alexandre estor\OneDrive -
#        STMicroelectronics\Documents\IAR_tof8\U3_SW040\Projects\Naquada\App\TZDisabled\EWARM\NUCLEO-U385RG_Templates_Legacy\Obj\STM32U3xx_HAL_Driver_10217621924548668335.dir\stm32u3xx_hal_ramcfg.o"
#        "C:\Users\alexandre estor\OneDrive -
#        STMicroelectronics\Documents\IAR_tof8\U3_SW040\Projects\Naquada\App\TZDisabled\EWARM\NUCLEO-U385RG_Templates_Legacy\Obj\STM32U3xx_HAL_Driver_10217621924548668335.dir\stm32u3xx_hal_rcc.o"
#        "C:\Users\alexandre estor\OneDrive -
#        STMicroelectronics\Documents\IAR_tof8\U3_SW040\Projects\Naquada\App\TZDisabled\EWARM\NUCLEO-U385RG_Templates_Legacy\Obj\STM32U3xx_HAL_Driver_10217621924548668335.dir\stm32u3xx_hal_rcc_ex.o"
#        "C:\Users\alexandre estor\OneDrive -
#        STMicroelectronics\Documents\IAR_tof8\U3_SW040\Projects\Naquada\App\TZDisabled\EWARM\NUCLEO-U385RG_Templates_Legacy\Obj\STM32U3xx_HAL_Driver_10217621924548668335.dir\stm32u3xx_hal_rtc.o"
#        "C:\Users\alexandre estor\OneDrive -
#        STMicroelectronics\Documents\IAR_tof8\U3_SW040\Projects\Naquada\App\TZDisabled\EWARM\NUCLEO-U385RG_Templates_Legacy\Obj\STM32U3xx_HAL_Driver_10217621924548668335.dir\stm32u3xx_hal_sai.o"
#        "C:\Users\alexandre estor\OneDrive -
#        STMicroelectronics\Documents\IAR_tof8\U3_SW040\Projects\Naquada\App\TZDisabled\EWARM\NUCLEO-U385RG_Templates_Legacy\Obj\STM32U3xx_HAL_Driver_10217621924548668335.dir\stm32u3xx_hal_sd.o"
#        "C:\Users\alexandre estor\OneDrive -
#        STMicroelectronics\Documents\IAR_tof8\U3_SW040\Projects\Naquada\App\TZDisabled\EWARM\NUCLEO-U385RG_Templates_Legacy\Obj\STM32U3xx_HAL_Driver_10217621924548668335.dir\stm32u3xx_hal_sd_ex.o"
#        "C:\Users\alexandre estor\OneDrive -
#        STMicroelectronics\Documents\IAR_tof8\U3_SW040\Projects\Naquada\App\TZDisabled\EWARM\NUCLEO-U385RG_Templates_Legacy\Obj\STM32U3xx_HAL_Driver_10217621924548668335.dir\stm32u3xx_hal_spi.o"
#        "C:\Users\alexandre estor\OneDrive -
#        STMicroelectronics\Documents\IAR_tof8\U3_SW040\Projects\Naquada\App\TZDisabled\EWARM\NUCLEO-U385RG_Templates_Legacy\Obj\STM32U3xx_HAL_Driver_10217621924548668335.dir\stm32u3xx_hal_spi_ex.o"
#        "C:\Users\alexandre estor\OneDrive -
#        STMicroelectronics\Documents\IAR_tof8\U3_SW040\Projects\Naquada\App\TZDisabled\EWARM\NUCLEO-U385RG_Templates_Legacy\Obj\STM32U3xx_HAL_Driver_10217621924548668335.dir\stm32u3xx_hal_tim.o"
#        "C:\Users\alexandre estor\OneDrive -
#        STMicroelectronics\Documents\IAR_tof8\U3_SW040\Projects\Naquada\App\TZDisabled\EWARM\NUCLEO-U385RG_Templates_Legacy\Obj\STM32U3xx_HAL_Driver_10217621924548668335.dir\stm32u3xx_hal_tim_ex.o"
#        "C:\Users\alexandre estor\OneDrive -
#        STMicroelectronics\Documents\IAR_tof8\U3_SW040\Projects\Naquada\App\TZDisabled\EWARM\NUCLEO-U385RG_Templates_Legacy\Obj\STM32U3xx_HAL_Driver_10217621924548668335.dir\stm32u3xx_hal_xspi.o"
#        "C:\Users\alexandre estor\OneDrive -
#        STMicroelectronics\Documents\IAR_tof8\U3_SW040\Projects\Naquada\App\TZDisabled\EWARM\NUCLEO-U385RG_Templates_Legacy\Obj\User_7280784329937237312.dir\stm32u3xx_it.o"
#        "C:\Users\alexandre estor\OneDrive -
#        STMicroelectronics\Documents\IAR_tof8\U3_SW040\Projects\Naquada\App\TZDisabled\EWARM\NUCLEO-U385RG_Templates_Legacy\Obj\STM32U3xx_HAL_Driver_10217621924548668335.dir\stm32u3xx_ll_adc.o"
#        "C:\Users\alexandre estor\OneDrive -
#        STMicroelectronics\Documents\IAR_tof8\U3_SW040\Projects\Naquada\App\TZDisabled\EWARM\NUCLEO-U385RG_Templates_Legacy\Obj\STM32U3xx_HAL_Driver_10217621924548668335.dir\stm32u3xx_ll_gpio.o"
#        "C:\Users\alexandre estor\OneDrive -
#        STMicroelectronics\Documents\IAR_tof8\U3_SW040\Projects\Naquada\App\TZDisabled\EWARM\NUCLEO-U385RG_Templates_Legacy\Obj\STM32U3xx_HAL_Driver_10217621924548668335.dir\stm32u3xx_ll_lpuart.o"
#        "C:\Users\alexandre estor\OneDrive -
#        STMicroelectronics\Documents\IAR_tof8\U3_SW040\Projects\Naquada\App\TZDisabled\EWARM\NUCLEO-U385RG_Templates_Legacy\Obj\STM32U3xx_HAL_Driver_10217621924548668335.dir\stm32u3xx_ll_rcc.o"
#        "C:\Users\alexandre estor\OneDrive -
#        STMicroelectronics\Documents\IAR_tof8\U3_SW040\Projects\Naquada\App\TZDisabled\EWARM\NUCLEO-U385RG_Templates_Legacy\Obj\STM32U3xx_HAL_Driver_10217621924548668335.dir\stm32u3xx_ll_usart.o"
#        "C:\Users\alexandre estor\OneDrive -
#        STMicroelectronics\Documents\IAR_tof8\U3_SW040\Projects\Naquada\App\TZDisabled\EWARM\NUCLEO-U385RG_Templates_Legacy\Obj\STM32U3xx_Nucleo_4207073700980246879.dir\stm32u3xx_nucleo.o"
#        "C:\Users\alexandre estor\OneDrive -
#        STMicroelectronics\Documents\IAR_tof8\U3_SW040\Projects\Naquada\App\TZDisabled\EWARM\NUCLEO-U385RG_Templates_Legacy\Obj\CMSIS_6603591812247902717.dir\system_stm32u3xx.o"
#        "C:\Users\alexandre estor\OneDrive -
#        STMicroelectronics\Documents\IAR_tof8\U3_SW040\Projects\Naquada\App\TZDisabled\EWARM\NUCLEO-U385RG_Templates_Legacy\Obj\BUS_6704256982988483995.dir\u8fifo.o"
#        "C:\Users\alexandre estor\OneDrive -
#        STMicroelectronics\Documents\IAR_tof8\U3_SW040\Projects\Naquada\App\TZDisabled\EWARM\NUCLEO-U385RG_Templates_Legacy\Obj\Sensors_7080110685326339521.dir\VL53L4CD_api.o"
#        "C:\Users\alexandre estor\OneDrive -
#        STMicroelectronics\Documents\IAR_tof8\U3_SW040\Projects\Naquada\App\TZDisabled\EWARM\NUCLEO-U385RG_Templates_Legacy\Obj\VL53L8CX_9662947142654755518.dir\vl53l8cx_api.o"
#        "C:\Users\alexandre estor\OneDrive -
#        STMicroelectronics\Documents\IAR_tof8\U3_SW040\Projects\Naquada\App\TZDisabled\EWARM\NUCLEO-U385RG_Templates_Legacy\Obj\VL53L8CX_9662947142654755518.dir\vl53l8cx_platform.o"
#        "C:\Users\alexandre estor\OneDrive -
#        STMicroelectronics\Documents\IAR_tof8\U3_SW040\Projects\Naquada\App\TZDisabled\EWARM\NUCLEO-U385RG_Templates_Legacy\Obj\VL53L8CX_9662947142654755518.dir\vl53l8cx_plugin_detection_thresholds.o"
#        "C:\Users\alexandre estor\OneDrive -
#        STMicroelectronics\Documents\IAR_tof8\U3_SW040\Projects\Naquada\App\TZDisabled\EWARM\NUCLEO-U385RG_Templates_Legacy\Obj\VL53L8CX_9662947142654755518.dir\vl53l8cx_plugin_motion_indicator.o"
#        "C:\Users\alexandre estor\OneDrive -
#        STMicroelectronics\Documents\IAR_tof8\U3_SW040\Projects\Naquada\App\TZDisabled\EWARM\NUCLEO-U385RG_Templates_Legacy\Obj\VL53L8CX_9662947142654755518.dir\vl53l8cx_plugin_xtalk.o"
#        --no_out_extension -o "C:\Users\alexandre estor\OneDrive -
#        STMicroelectronics\Documents\IAR_tof8\U3_SW040\Projects\Naquada\App\TZDisabled\EWARM\NUCLEO-U385RG_Templates_Legacy\Exe\Project.out"
#        --map "C:\Users\alexandre estor\OneDrive -
#        STMicroelectronics\Documents\IAR_tof8\U3_SW040\Projects\Naquada\App\TZDisabled\EWARM\NUCLEO-U385RG_Templates_Legacy\List\Project.map"
#        --config "C:\Users\alexandre estor\OneDrive -
#        STMicroelectronics\Documents\IAR_tof8\U3_SW040\Projects\Naquada\App\TZDisabled\EWARM\stm32u385xx_flash.icf"
#        --semihosting --entry __iar_program_start --vfe --text_out locale
#        --cpu=Cortex-M33.no_dsp.no_se --fpu=VFPv5_sp) --dependencies=n
#        "C:\Users\alexandre estor\OneDrive -
#        STMicroelectronics\Documents\IAR_tof8\U3_SW040\Projects\Naquada\App\TZDisabled\EWARM\NUCLEO-U385RG_Templates_Legacy\Exe\Project.out.iar_deps"
#
###############################################################################

*******************************************************************************
*** RUNTIME MODEL ATTRIBUTES
***

CppFlavor       = *
__CPP_Runtime   = 1
__SystemLibrary = DLib
__dlib_version  = 6


*******************************************************************************
*** HEAP SELECTION
***

The basic heap was selected because --advanced_heap
was not specified and the application did not appear to
be primarily optimized for speed.


*******************************************************************************
*** PLACEMENT SUMMARY
***

"A0":  place at address 0x800'0000 { ro section .intvec };
"P1":  place in [from 0x800'0000 to 0x80f'ffff] { ro };
define block CSTACK with size = 1K, alignment = 8 { };
define block HEAP with size = 512, alignment = 8 { };
"P2":  place in [from 0x2000'0000 to 0x2002'ffff] {
          rw, block CSTACK, block HEAP };
initialize by copy { rw };

  Section            Kind         Address  Alignment      Size  Object
  -------            ----         -------  ---------      ----  ------
"A0":                                                    0x234
  .intvec            ro code   0x800'0000          4     0x234  startup_stm32u385xx.o [4]
                             - 0x800'0234                0x234

"P1":                                                 0x2'3cdd
  .rodata            const     0x800'0234          4  0x1'5000  vl53l8cx_api.o [9]
  .rodata            const     0x801'5234          4    0x1c14  HabuLQFP100_SMPS.o [1]
  .text              ro code   0x801'6e48          4    0x12d0  vl53l8cx_api.o [9]
  .text              ro code   0x801'8118          4      0xea  vl53l8cx_platform.o [9]
  .text              ro code   0x801'8202          2      0x7e  lz77_init_single.o [12]
  .text              ro code   0x801'8280          4      0xa6  ABImemcpy.o [12]
  .text              ro code   0x801'8328          4      0x66  ABImemset.o [12]
  .text              ro code   0x801'8390          4     0x580  I2C_MasterIO.o [2]
  .text              ro code   0x801'8910          4      0x28  stm32u3xx_hal.o [5]
  .text              ro code   0x801'8938          4     0x3b4  io_drive.o [1]
  .text              ro code   0x801'8cec          4      0x7c  commons.o [1]
  .text              ro code   0x801'8d68          4       0xc  stm32u3xx_hal.o [5]
  .text              ro code   0x801'8d74          4    0x1086  stm32u3xx_hal_adc.o [5]
  .text              ro code   0x801'9dfc          4     0x568  main.o [8]
  .text              ro code   0x801'a364          2       0x2  stm32u3xx_hal_adc.o [5]
  .text              ro code   0x801'a368          4      0x38  stm32u3xx_hal.o [5]
  .text              ro code   0x801'a3a0          4     0x780  stm32u3xx_hal_rcc_ex.o [5]
  .text              ro code   0x801'ab20          4      0x4c  stm32u3xx_hal_icache.o [5]
  .text              ro code   0x801'ab6c          4     0x3ec  analog.o [1]
  .text              ro code   0x801'af58          4     0x3d2  LEDs.o [1]
  .text              ro code   0x801'b32c          4     0x3a2  BTEL_drivers.o [8]
  .text              ro code   0x801'b6d0          4     0x35c  SerialComPort.o [2]
  .text              ro code   0x801'ba2c          4     0x2ce  sensors.o [7]
  .text              ro code   0x801'bcfc          4     0x6b4  LCD_16x2.o [1]
  .text              ro code   0x801'c3b0          4     0x118  stm32u3xx_hal_pwr_ex.o [5]
  .text              ro code   0x801'c4c8          4     0x9b8  stm32u3xx_hal_rcc.o [5]
  .text              ro code   0x801'ce80          4      0x9c  octospi 1.o [2]
  .text              ro code   0x801'cf1c          2     0x37e  m95p32_hal_xspi.o [1]
  .text              ro code   0x801'd29c          4      0x84  app.o [8]
  .text              ro code   0x801'd320          4      0xfc  brisk_reports.o [8]
  .text              ro code   0x801'd41c          4     0x238  stm32u3xx_hal_cortex.o [5]
  .text              ro code   0x801'd654          4      0xb0  system_stm32u3xx.o [3]
  .text              ro code   0x801'd704          4      0xbc  stm32u3xx_hal.o [5]
  .text              ro code   0x801'd7c0          2       0x2  stm32u3xx_hal_msp.o [8]
  .text              ro code   0x801'd7c4          4      0xe4  stm32u3xx_hal_adc_ex.o [5]
  .text              ro code   0x801'd8a8          4     0x51c  stm32u3xx_hal_dac.o [5]
  .text              ro code   0x801'ddc4          4     0xc50  stm32u3xx_hal_tim.o [5]
  .text              ro code   0x801'ea14          4     0x73c  stm32u3xx_hal_lptim.o [5]
  .text              ro code   0x801'f150          2     0x132  u8fifo.o [2]
  .text              ro code   0x801'f284          4     0x3b4  stm32u3xx_ll_usart.o [5]
  .text              ro code   0x801'f638          2     0x4b4  sths34pf80_reg.o [7]
  .text              ro code   0x801'faec          4     0x48c  lis2du12_reg.o [7]
  .text              ro code   0x801'ff78          4     0x37c  VL53L4CD_api.o [7]
  .text              ro code   0x802'02f4          4     0x830  AE_vl53l8.o [1]
  .text              ro code   0x802'0b24          4     0xc8c  stm32u3xx_hal_xspi.o [5]
  .text              ro code   0x802'17b0          2       0x2  stm32u3xx_hal_dac.o [5]
  .text              ro code   0x802'17b2          2       0x2  stm32u3xx_hal_tim.o [5]
  .text              ro code   0x802'17b4          2       0x2  stm32u3xx_hal_lptim.o [5]
  .text              ro code   0x802'17b8          4     0x270  stm32u3xx_ll_rcc.o [5]
  .text              ro code   0x802'1a28          2      0x10  sths34pf80_reg.o [7]
  .text              ro code   0x802'1a38          2      0x10  sths34pf80_reg.o [7]
  .text              ro code   0x802'1a48          2      0x10  lis2du12_reg.o [7]
  .text              ro code   0x802'1a58          2      0x10  lis2du12_reg.o [7]
  .text              ro code   0x802'1a68          4     0x14c  platform.o [7]
  .text              ro code   0x802'1bb4          2       0x8  abs.o [10]
  .text              ro code   0x802'1bbc          4      0x48  FltToDbl.o [11]
  .text              ro code   0x802'1c04          4      0x12  math_wrappers64.o [11]
  .text              ro code   0x802'1c18          4      0x68  DblToFlt.o [11]
  .text              ro code   0x802'1c80          4     0x246  DblDiv.o [11]
  .text              ro code   0x802'1ec8          4      0xbc  atan64.o [11]
  .text              ro code   0x802'1f84          4      0x34  DblCmpGe.o [11]
  .text              ro code   0x802'1fb8          4     0x1c8  iar_Atan64.o [11]
  .text              ro code   0x802'2180          4      0x20  DblCmpEq.o [11]
  .text              ro code   0x802'21a0          4     0x1aa  DblMul.o [11]
  .text              ro code   0x802'234c          4     0x24e  DblAddSub.o [11]
  .rodata            const     0x802'259c          4     0x3cc  vl53l8cx_api.o [9]
  .rodata            const     0x802'2968          4     0x308  vl53l8cx_api.o [9]
  .rodata            const     0x802'2c70          4     0x27c  brisk_reports.o [8]
  .text              ro code   0x802'2eec          4     0x104  stm32u3xx_it.o [8]
  .text              ro code   0x802'2ff0          4      0x18  stm32u3xx_hal.o [5]
  .rodata            const     0x802'3008          4      0xcc  LEDs.o [1]
  .rodata            const     0x802'30d4          4      0x8c  stm32u3xx_hal_adc_ex.o [5]
  .rodata            const     0x802'3160          4      0x8c  stm32u3xx_hal_cortex.o [5]
  .rodata            const     0x802'31ec          4      0x8c  stm32u3xx_hal_icache.o [5]
  .rodata            const     0x802'3278          4      0x8c  stm32u3xx_hal_lptim.o [5]
  .rodata            const     0x802'3304          4      0x8c  stm32u3xx_hal_pwr_ex.o [5]
  .rodata            const     0x802'3390          4      0x8c  stm32u3xx_hal_rcc_ex.o [5]
  .rodata            const     0x802'341c          4      0x8c  stm32u3xx_hal_xspi.o [5]
  .rodata            const     0x802'34a8          4      0x8c  stm32u3xx_ll_usart.o [5]
  .rodata            const     0x802'3534          4      0x88  stm32u3xx_hal_adc.o [5]
  .rodata            const     0x802'35bc          4      0x88  stm32u3xx_hal_dac.o [5]
  .rodata            const     0x802'3644          4      0x88  stm32u3xx_hal_rcc.o [5]
  .rodata            const     0x802'36cc          4      0x88  stm32u3xx_hal_tim.o [5]
  .rodata            const     0x802'3754          4      0x88  stm32u3xx_ll_rcc.o [5]
  .rodata            const     0x802'37dc          4      0x5c  VL53L4CD_api.o [7]
  .rodata            const     0x802'3838          4      0x4c  stm32u3xx_hal_adc.o [5]
  .rodata            const     0x802'3888          8      0x40  iar_Atan64.o [11]
  .text              ro code   0x802'38c8          2      0x38  zero_init3.o [12]
  .rodata            const     0x802'3900          4      0x30  stm32u3xx_ll_usart.o [5]
  .rodata            const     0x802'3930          4      0x30  vl53l8cx_api.o [9]
  .rodata            const     0x802'3960          4      0x28  vl53l8cx_api.o [9]
  .text              ro code   0x802'3988          4      0x28  data_init.o [12]
  .text              ro code   0x802'39b0          4      0x22  fpinit_M.o [11]
  .iar.init_table    const     0x802'39d4          4      0x20  - Linker created -
  .text              ro code   0x802'39f4          4      0x1e  cmain.o [12]
  .text              ro code   0x802'3a12          2       0x4  low_level_init.o [10]
  .text              ro code   0x802'3a16          2       0x4  exit.o [10]
  .text              ro code   0x802'3a1c          4       0xa  cexit.o [12]
  .text              ro code   0x802'3a28          4      0x14  exit.o [13]
  .rodata            const     0x802'3a3c          4      0x1c  HabuLQFP100_SMPS.o [1]
  .rodata            const     0x802'3a58          4      0x1c  I2C_MasterIO.o [2]
  .text              ro code   0x802'3a74          4      0x1c  cstartup_M.o [12]
  .rodata            const     0x802'3a90          4      0x14  brisk_reports.o [8]
  .rodata            const     0x802'3aa4          4      0x10  AE_vl53l8.o [1]
  .rodata            const     0x802'3ab4          4      0x10  brisk_reports.o [8]
  .rodata            const     0x802'3ac4          4      0x10  SerialComPort.o [2]
  .rodata            const     0x802'3ad4          4      0x10  system_stm32u3xx.o [3]
  .rodata            const     0x802'3ae4          4      0x10  vl53l8cx_api.o [9]
  .text              ro code   0x802'3af4          4      0x10  startup_stm32u385xx.o [4]
  .rodata            const     0x802'3b04          4       0xc  AE_vl53l8.o [1]
  .rodata            const     0x802'3b10          4       0xc  AE_vl53l8.o [1]
  .rodata            const     0x802'3b1c          4       0xc  AE_vl53l8.o [1]
  .rodata            const     0x802'3b28          4       0xc  AE_vl53l8.o [1]
  .rodata            const     0x802'3b34          4       0xc  app.o [8]
  .rodata            const     0x802'3b40          4       0xc  brisk_reports.o [8]
  .rodata            const     0x802'3b4c          4       0xc  brisk_reports.o [8]
  .rodata            const     0x802'3b58          4       0xc  brisk_reports.o [8]
  .rodata            const     0x802'3b64          4       0xc  LCD_16x2.o [1]
  .rodata            const     0x802'3b70          4       0xc  LCD_16x2.o [1]
  .rodata            const     0x802'3b7c          4       0xc  sensors.o [7]
  .rodata            const     0x802'3b88          4       0xc  vl53l8cx_api.o [9]
  .rodata            const     0x802'3b94          4       0x8  AE_vl53l8.o [1]
  .rodata            const     0x802'3b9c          4       0x8  AE_vl53l8.o [1]
  .rodata            const     0x802'3ba4          4       0x8  AE_vl53l8.o [1]
  .rodata            const     0x802'3bac          4       0x8  AE_vl53l8.o [1]
  .rodata            const     0x802'3bb4          4       0x8  AE_vl53l8.o [1]
  .rodata            const     0x802'3bbc          4       0x8  app.o [8]
  .rodata            const     0x802'3bc4          4       0x8  I2C_MasterIO.o [2]
  .rodata            const     0x802'3bcc          4       0x8  I2C_MasterIO.o [2]
  .rodata            const     0x802'3bd4          4       0x8  I2C_MasterIO.o [2]
  .rodata            const     0x802'3bdc          4       0x8  I2C_MasterIO.o [2]
  .rodata            const     0x802'3be4          4       0x8  io_drive.o [1]
  .rodata            const     0x802'3bec          4       0x8  LEDs.o [1]
  .rodata            const     0x802'3bf4          4       0x8  LEDs.o [1]
  .rodata            const     0x802'3bfc          4       0x8  LEDs.o [1]
  .rodata            const     0x802'3c04          4       0x8  main.o [8]
  .rodata            const     0x802'3c0c          4       0x8  main.o [8]
  .rodata            const     0x802'3c14          4       0x8  main.o [8]
  .rodata            const     0x802'3c1c          4       0x8  main.o [8]
  .rodata            const     0x802'3c24          4       0x8  main.o [8]
  .rodata            const     0x802'3c2c          4       0x8  main.o [8]
  .rodata            const     0x802'3c34          4       0x8  main.o [8]
  .rodata            const     0x802'3c3c          4       0x8  main.o [8]
  .rodata            const     0x802'3c44          4       0x8  main.o [8]
  .rodata            const     0x802'3c4c          4       0x8  main.o [8]
  .rodata            const     0x802'3c54          4       0x8  system_stm32u3xx.o [3]
  .rodata            const     0x802'3c5c          4       0x8  vl53l8cx_api.o [9]
  .rodata            const     0x802'3c64          4       0x8  vl53l8cx_api.o [9]
  .rodata            const     0x802'3c6c          4       0x8  vl53l8cx_api.o [9]
  .rodata            const     0x802'3c74          4       0x8  vl53l8cx_api.o [9]
  .rodata            const     0x802'3c7c          4       0x8  vl53l8cx_api.o [9]
  .rodata            const     0x802'3c84          4       0x4  HabuLQFP100_SMPS.o [1]
  .rodata            const     0x802'3c88          4       0x4  vl53l8cx_api.o [9]
  .rodata            const     0x802'3c8c          4       0x4  vl53l8cx_api.o [9]
  .rodata            const     0x802'3c90          4       0x4  vl53l8cx_api.o [9]
  .text              ro code   0x802'3c94          2       0x4  startup_stm32u385xx.o [4]
  .text              ro code   0x802'3c98          2       0x4  startup_stm32u385xx.o [4]
  .text              ro code   0x802'3c9c          2       0x4  startup_stm32u385xx.o [4]
  .text              ro code   0x802'3ca0          2       0x4  startup_stm32u385xx.o [4]
  .text              ro code   0x802'3ca4          2       0x4  startup_stm32u385xx.o [4]
  .text              ro code   0x802'3ca8          2       0x4  startup_stm32u385xx.o [4]
  .text              ro code   0x802'3cac          2       0x4  startup_stm32u385xx.o [4]
  .text              ro code   0x802'3cb0          2       0x4  startup_stm32u385xx.o [4]
  .text              ro code   0x802'3cb4          2       0x4  startup_stm32u385xx.o [4]
  .text              ro code   0x802'3cb8          2       0x4  startup_stm32u385xx.o [4]
  .text              ro code   0x802'3cbc          2       0x4  startup_stm32u385xx.o [4]
  .text              ro code   0x802'3cc0          2       0x4  startup_stm32u385xx.o [4]
  .text              ro code   0x802'3cc4          2       0x4  startup_stm32u385xx.o [4]
  .text              ro code   0x802'3cc8          2       0x4  startup_stm32u385xx.o [4]
  .text              ro code   0x802'3ccc          2       0x4  startup_stm32u385xx.o [4]
  .text              ro code   0x802'3cd0          2       0x4  startup_stm32u385xx.o [4]
  .text              ro code   0x802'3cd4          2       0x4  startup_stm32u385xx.o [4]
  .text              ro code   0x802'3cd8          2       0x4  startup_stm32u385xx.o [4]
  .text              ro code   0x802'3cdc          2       0x4  startup_stm32u385xx.o [4]
  .text              ro code   0x802'3ce0          2       0x4  startup_stm32u385xx.o [4]
  .text              ro code   0x802'3ce4          2       0x4  startup_stm32u385xx.o [4]
  .text              ro code   0x802'3ce8          2       0x4  startup_stm32u385xx.o [4]
  .text              ro code   0x802'3cec          2       0x4  startup_stm32u385xx.o [4]
  .text              ro code   0x802'3cf0          2       0x4  startup_stm32u385xx.o [4]
  .text              ro code   0x802'3cf4          2       0x4  startup_stm32u385xx.o [4]
  .text              ro code   0x802'3cf8          2       0x4  startup_stm32u385xx.o [4]
  .text              ro code   0x802'3cfc          2       0x4  startup_stm32u385xx.o [4]
  .text              ro code   0x802'3d00          2       0x4  startup_stm32u385xx.o [4]
  .text              ro code   0x802'3d04          2       0x4  startup_stm32u385xx.o [4]
  .text              ro code   0x802'3d08          2       0x4  startup_stm32u385xx.o [4]
  .text              ro code   0x802'3d0c          2       0x4  startup_stm32u385xx.o [4]
  .text              ro code   0x802'3d10          2       0x4  startup_stm32u385xx.o [4]
  .text              ro code   0x802'3d14          2       0x4  startup_stm32u385xx.o [4]
  .text              ro code   0x802'3d18          2       0x4  startup_stm32u385xx.o [4]
  .text              ro code   0x802'3d1c          2       0x4  startup_stm32u385xx.o [4]
  .text              ro code   0x802'3d20          2       0x4  startup_stm32u385xx.o [4]
  .text              ro code   0x802'3d24          2       0x4  startup_stm32u385xx.o [4]
  .text              ro code   0x802'3d28          2       0x4  startup_stm32u385xx.o [4]
  .text              ro code   0x802'3d2c          2       0x4  startup_stm32u385xx.o [4]
  .text              ro code   0x802'3d30          2       0x4  startup_stm32u385xx.o [4]
  .text              ro code   0x802'3d34          2       0x4  startup_stm32u385xx.o [4]
  .text              ro code   0x802'3d38          2       0x4  startup_stm32u385xx.o [4]
  .text              ro code   0x802'3d3c          2       0x4  startup_stm32u385xx.o [4]
  .text              ro code   0x802'3d40          2       0x4  startup_stm32u385xx.o [4]
  .text              ro code   0x802'3d44          2       0x4  startup_stm32u385xx.o [4]
  .text              ro code   0x802'3d48          2       0x4  startup_stm32u385xx.o [4]
  .text              ro code   0x802'3d4c          2       0x4  startup_stm32u385xx.o [4]
  .text              ro code   0x802'3d50          2       0x4  startup_stm32u385xx.o [4]
  .text              ro code   0x802'3d54          2       0x4  startup_stm32u385xx.o [4]
  .text              ro code   0x802'3d58          2       0x4  startup_stm32u385xx.o [4]
  .text              ro code   0x802'3d5c          2       0x4  startup_stm32u385xx.o [4]
  .text              ro code   0x802'3d60          2       0x4  startup_stm32u385xx.o [4]
  .text              ro code   0x802'3d64          2       0x4  startup_stm32u385xx.o [4]
  .text              ro code   0x802'3d68          2       0x4  startup_stm32u385xx.o [4]
  .text              ro code   0x802'3d6c          2       0x4  startup_stm32u385xx.o [4]
  .text              ro code   0x802'3d70          2       0x4  startup_stm32u385xx.o [4]
  .text              ro code   0x802'3d74          2       0x4  startup_stm32u385xx.o [4]
  .text              ro code   0x802'3d78          2       0x4  startup_stm32u385xx.o [4]
  .text              ro code   0x802'3d7c          2       0x4  startup_stm32u385xx.o [4]
  .text              ro code   0x802'3d80          2       0x4  startup_stm32u385xx.o [4]
  .text              ro code   0x802'3d84          2       0x4  startup_stm32u385xx.o [4]
  .text              ro code   0x802'3d88          2       0x4  startup_stm32u385xx.o [4]
  .text              ro code   0x802'3d8c          2       0x4  startup_stm32u385xx.o [4]
  .text              ro code   0x802'3d90          2       0x4  startup_stm32u385xx.o [4]
  .text              ro code   0x802'3d94          2       0x4  startup_stm32u385xx.o [4]
  .text              ro code   0x802'3d98          2       0x4  startup_stm32u385xx.o [4]
  .text              ro code   0x802'3d9c          2       0x4  startup_stm32u385xx.o [4]
  .text              ro code   0x802'3da0          2       0x4  startup_stm32u385xx.o [4]
  .text              ro code   0x802'3da4          2       0x4  startup_stm32u385xx.o [4]
  .text              ro code   0x802'3da8          2       0x4  startup_stm32u385xx.o [4]
  .text              ro code   0x802'3dac          2       0x4  startup_stm32u385xx.o [4]
  .text              ro code   0x802'3db0          2       0x4  startup_stm32u385xx.o [4]
  .text              ro code   0x802'3db4          2       0x4  startup_stm32u385xx.o [4]
  .text              ro code   0x802'3db8          2       0x4  startup_stm32u385xx.o [4]
  .text              ro code   0x802'3dbc          2       0x4  startup_stm32u385xx.o [4]
  .text              ro code   0x802'3dc0          2       0x4  startup_stm32u385xx.o [4]
  .text              ro code   0x802'3dc4          2       0x4  startup_stm32u385xx.o [4]
  .text              ro code   0x802'3dc8          2       0x4  startup_stm32u385xx.o [4]
  .text              ro code   0x802'3dcc          2       0x4  startup_stm32u385xx.o [4]
  .text              ro code   0x802'3dd0          2       0x4  startup_stm32u385xx.o [4]
  .text              ro code   0x802'3dd4          2       0x4  startup_stm32u385xx.o [4]
  .text              ro code   0x802'3dd8          2       0x4  startup_stm32u385xx.o [4]
  .text              ro code   0x802'3ddc          2       0x4  startup_stm32u385xx.o [4]
  .text              ro code   0x802'3de0          2       0x4  startup_stm32u385xx.o [4]
  .text              ro code   0x802'3de4          2       0x4  startup_stm32u385xx.o [4]
  .text              ro code   0x802'3de8          2       0x4  startup_stm32u385xx.o [4]
  .text              ro code   0x802'3dec          2       0x4  startup_stm32u385xx.o [4]
  .text              ro code   0x802'3df0          2       0x4  startup_stm32u385xx.o [4]
  .text              ro code   0x802'3df4          2       0x4  startup_stm32u385xx.o [4]
  .text              ro code   0x802'3df8          2       0x4  startup_stm32u385xx.o [4]
  .text              ro code   0x802'3dfc          2       0x4  startup_stm32u385xx.o [4]
  .text              ro code   0x802'3e00          2       0x4  startup_stm32u385xx.o [4]
  .text              ro code   0x802'3e04          2       0x4  startup_stm32u385xx.o [4]
  .text              ro code   0x802'3e08          2       0x4  startup_stm32u385xx.o [4]
  .rodata            const     0x802'3e0c                  0x0  zero_init3.o [12]
  .rodata            const     0x802'3e0c                  0x0  lz77_init_single.o [12]
  Initializer bytes  const     0x802'3e0c                0x105  <for P2-1>
                             - 0x802'3f11             0x2'3cdd

"P2", part 1 of 3:                                       0x49a
  P2-1                        0x2000'0000                0x49a  <Init block>
    .data            inited   0x2000'0000          4     0x1a4  AE_vl53l8.o [1]
    .data            inited   0x2000'01a4          4      0xd0  analog.o [1]
    .data            inited   0x2000'0274          4      0x28  analog.o [1]
    .data            inited   0x2000'029c          4       0xc  app.o [8]
    .data            inited   0x2000'02a8          4       0x4  brisk_reports.o [8]
    .data            inited   0x2000'02ac          4       0x4  brisk_reports.o [8]
    .data            inited   0x2000'02b0          4       0x4  commons.o [1]
    .data            inited   0x2000'02b4          4      0x38  HabuLQFP100_SMPS.o [1]
    .data            inited   0x2000'02ec          4       0x4  I2C_MasterIO.o [2]
    .data            inited   0x2000'02f0          4       0x4  I2C_MasterIO.o [2]
    .data            inited   0x2000'02f4          4       0x8  LCD_16x2.o [1]
    .data            inited   0x2000'02fc          4       0x8  LCD_16x2.o [1]
    .data            inited   0x2000'0304          4       0x8  LCD_16x2.o [1]
    .data            inited   0x2000'030c          4       0x8  LCD_16x2.o [1]
    .data            inited   0x2000'0314          4       0x8  LCD_16x2.o [1]
    .data            inited   0x2000'031c          4       0x8  LCD_16x2.o [1]
    .data            inited   0x2000'0324          4       0x8  LCD_16x2.o [1]
    .data            inited   0x2000'032c          4       0x8  LCD_16x2.o [1]
    .data            inited   0x2000'0334          4       0x8  LCD_16x2.o [1]
    .data            inited   0x2000'033c          4       0x8  LCD_16x2.o [1]
    .data            inited   0x2000'0344          4      0x54  LCD_16x2.o [1]
    .data            inited   0x2000'0398          4      0x30  LEDs.o [1]
    .data            inited   0x2000'03c8          4       0x4  main.o [8]
    .data            inited   0x2000'03cc          4      0x1c  sensors.o [7]
    .data            inited   0x2000'03e8          4       0xc  sensors.o [7]
    .data            inited   0x2000'03f4          4      0x1c  sensors.o [7]
    .data            inited   0x2000'0410          4      0x10  sensors.o [7]
    .data            inited   0x2000'0420          4      0x1c  sensors.o [7]
    .data            inited   0x2000'043c          4       0xc  sensors.o [7]
    .data            inited   0x2000'0448          4      0x1c  sensors.o [7]
    .data            inited   0x2000'0464          4       0x8  SerialComPort.o [2]
    .data            inited   0x2000'046c          4       0x8  SerialComPort.o [2]
    .data            inited   0x2000'0474          4       0x8  SerialComPort.o [2]
    .data            inited   0x2000'047c          4       0x8  SerialComPort.o [2]
    .data            inited   0x2000'0484          4       0x4  stm32u3xx_hal.o [5]
    .data            inited   0x2000'0488          4       0xc  stm32u3xx_ll_rcc.o [5]
    .data            inited   0x2000'0494          4       0x4  system_stm32u3xx.o [3]
    .data            inited   0x2000'0498                  0x1  main.o [8]
    .data            inited   0x2000'0499                  0x1  stm32u3xx_hal.o [5]
                            - 0x2000'049a                0x49a

"P2", part 2 of 3:                                      0x4920
  .bss               zero     0x2000'049c          4    0x1800  SerialComPort.o [2]
  .bss               zero     0x2000'1c9c          4    0x1800  SerialComPort.o [2]
  .bss               zero     0x2000'349c          4     0xab0  sensors.o [7]
  .bss               zero     0x2000'3f4c          4     0x550  sensors.o [7]
  .bss               zero     0x2000'449c          4     0x218  BTEL_drivers.o [8]
  .bss               zero     0x2000'46b4          4     0x200  main.o [8]
  .bss               zero     0x2000'48b4          4     0x130  analog.o [1]
  .bss               zero     0x2000'49e4          4      0xa8  SerialComPort.o [2]
  .bss               zero     0x2000'4a8c          4      0xa8  SerialComPort.o [2]
  .bss               zero     0x2000'4b34          4      0x60  analog.o [1]
  .bss               zero     0x2000'4b94          4      0x60  octospi 1.o [2]
  .bss               zero     0x2000'4bf4          4      0x50  LEDs.o [1]
  .bss               zero     0x2000'4c44          4      0x4c  LEDs.o [1]
  .bss               zero     0x2000'4c90          4      0x40  analog.o [1]
  .bss               zero     0x2000'4cd0          4      0x28  I2C_MasterIO.o [2]
  .bss               zero     0x2000'4cf8          4      0x28  I2C_MasterIO.o [2]
  .bss               zero     0x2000'4d20          4      0x1c  LEDs.o [1]
  .bss               zero     0x2000'4d3c          4      0x1c  sensors.o [7]
  .bss               zero     0x2000'4d58          4      0x10  sensors.o [7]
  .bss               zero     0x2000'4d68          4      0x10  sensors.o [7]
  .bss               zero     0x2000'4d78          4       0x8  LEDs.o [1]
  .bss               zero     0x2000'4d80          4       0x4  analog.o [1]
  .bss               zero     0x2000'4d84          4       0x4  brisk_reports.o [8]
  .bss               zero     0x2000'4d88          4       0x4  main.o [8]
  .bss               zero     0x2000'4d8c          4       0x4  main.o [8]
  .bss               zero     0x2000'4d90          4       0x4  main.o [8]
  .bss               zero     0x2000'4d94          4       0x4  main.o [8]
  .bss               zero     0x2000'4d98          4       0x4  main.o [8]
  .bss               zero     0x2000'4d9c          4       0x4  sensors.o [7]
  .bss               zero     0x2000'4da0          4       0x4  stm32u3xx_hal.o [5]
  .bss               zero     0x2000'4da4          2       0x2  sensors.o [7]
  .bss               zero     0x2000'4da6          2       0x2  sensors.o [7]
  .bss               zero     0x2000'4da8          2       0x2  sensors.o [7]
  .bss               zero     0x2000'4daa                  0x1  I2C_MasterIO.o [2]
  .bss               zero     0x2000'4dab                  0x1  LEDs.o [1]
  .bss               zero     0x2000'4dac                  0x1  main.o [8]
  .bss               zero     0x2000'4dad                  0x1  main.o [8]
  .bss               zero     0x2000'4dae                  0x1  main.o [8]
  .bss               zero     0x2000'4daf                  0x1  main.o [8]
  .bss               zero     0x2000'4db0                  0x1  main.o [8]
  .bss               zero     0x2000'4db1                  0x1  main.o [8]
  .bss               zero     0x2000'4db2                  0x1  sensors.o [7]
  .bss               zero     0x2000'4db3                  0x1  sensors.o [7]
  .bss               zero     0x2000'4db4                  0x1  sensors.o [7]
  .bss               zero     0x2000'4db5                  0x1  sensors.o [7]
  .bss               zero     0x2000'4db6                  0x1  sensors.o [7]
  .bss               zero     0x2000'4db7                  0x1  sensors.o [7]
  .bss               zero     0x2000'4db8                  0x1  sensors.o [7]
  .bss               zero     0x2000'4db9                  0x1  sensors.o [7]
  .bss               zero     0x2000'4dba                  0x1  sensors.o [7]
  .bss               zero     0x2000'4dbb                  0x1  sensors.o [7]
                            - 0x2000'4dbc               0x4920

"P2", part 3 of 3:                                       0x400
  CSTACK                      0x2000'4dc0          8     0x400  <Block>
    CSTACK           uninit   0x2000'4dc0                0x400  <Block tail>
                            - 0x2000'51c0                0x400

Unused ranges:

         From           To      Size
         ----           --      ----
   0x802'3f11   0x80f'ffff  0xd'c0ef
  0x2000'049a  0x2000'049b       0x2
  0x2000'4dbc  0x2000'4dbf       0x4
  0x2000'51c0  0x2002'ffff  0x2'ae40


*******************************************************************************
*** INIT TABLE
***

          Address      Size
          -------      ----
Zero (__iar_zero_init3)
    1 destination range, total size 0x4920:
          0x2000'049c  0x4920

Copy/lz77 (__iar_lz77_init_single3)
    1 source range, total size 0x105 (22% of destination):
           0x802'3e0c   0x105
    1 destination range, total size 0x49a:
          0x2000'0000   0x49a



*******************************************************************************
*** MODULE SUMMARY
***

    Module                  ro code  ro data  rw data
    ------                  -------  -------  -------
command line/config:
    -------------------------------------------------
    Total:

C:\Users\alexandre estor\OneDrive - STMicroelectronics\Documents\IAR_tof8\U3_SW040\Projects\Naquada\App\TZDisabled\EWARM\NUCLEO-U385RG_Templates_Legacy\Obj\BSP_16987466797925798938.dir: [1]
    AE_vl53l8.o               2'096      197      420
    HabuLQFP100_SMPS.o                 7'232       56
    LCD_16x2.o                1'716       60      164
    LEDs.o                      978      239      241
    analog.o                  1'004       55      716
    commons.o                   124        1        4
    io_drive.o                  948        8
    m95p32_hal_xspi.o           894
    -------------------------------------------------
    Total:                    7'760    7'792    1'601

C:\Users\alexandre estor\OneDrive - STMicroelectronics\Documents\IAR_tof8\U3_SW040\Projects\Naquada\App\TZDisabled\EWARM\NUCLEO-U385RG_Templates_Legacy\Obj\BUS_6704256982988483995.dir: [2]
    I2C_MasterIO.o            1'408       62       89
    SerialComPort.o             860       23   12'656
    octospi 1.o                 156                96
    u8fifo.o                    306
    -------------------------------------------------
    Total:                    2'730       85   12'841

C:\Users\alexandre estor\OneDrive - STMicroelectronics\Documents\IAR_tof8\U3_SW040\Projects\Naquada\App\TZDisabled\EWARM\NUCLEO-U385RG_Templates_Legacy\Obj\CMSIS_6603591812247902717.dir: [3]
    system_stm32u3xx.o          176       25        4
    -------------------------------------------------
    Total:                      176       25        4

C:\Users\alexandre estor\OneDrive - STMicroelectronics\Documents\IAR_tof8\U3_SW040\Projects\Naquada\App\TZDisabled\EWARM\NUCLEO-U385RG_Templates_Legacy\Obj\EWARM_7214922893274846302.dir: [4]
    startup_stm32u385xx.o       956
    -------------------------------------------------
    Total:                      956

C:\Users\alexandre estor\OneDrive - STMicroelectronics\Documents\IAR_tof8\U3_SW040\Projects\Naquada\App\TZDisabled\EWARM\NUCLEO-U385RG_Templates_Legacy\Obj\STM32U3xx_HAL_Driver_10217621924548668335.dir: [5]
    stm32u3xx_hal.o             320        2        9
    stm32u3xx_hal_adc.o       4'232      212
    stm32u3xx_hal_adc_ex.o      228      140
    stm32u3xx_hal_cortex.o      568      140
    stm32u3xx_hal_dac.o       1'310      136
    stm32u3xx_hal_icache.o       76      140
    stm32u3xx_hal_lptim.o     1'854      140
    stm32u3xx_hal_pwr_ex.o      280      140
    stm32u3xx_hal_rcc.o       2'488      136
    stm32u3xx_hal_rcc_ex.o    1'920      140
    stm32u3xx_hal_tim.o       3'154      136
    stm32u3xx_hal_xspi.o      3'212      140
    stm32u3xx_ll_rcc.o          624      138       12
    stm32u3xx_ll_usart.o        948      188
    -------------------------------------------------
    Total:                   21'214    1'928       21

C:\Users\alexandre estor\OneDrive - STMicroelectronics\Documents\IAR_tof8\U3_SW040\Projects\Naquada\App\TZDisabled\EWARM\NUCLEO-U385RG_Templates_Legacy\Obj\STM32U3xx_Nucleo_4207073700980246879.dir: [6]
    -------------------------------------------------
    Total:

C:\Users\alexandre estor\OneDrive - STMicroelectronics\Documents\IAR_tof8\U3_SW040\Projects\Naquada\App\TZDisabled\EWARM\NUCLEO-U385RG_Templates_Legacy\Obj\Sensors_7080110685326339521.dir: [7]
    VL53L4CD_api.o              892       92
    lis2du12_reg.o            1'196
    platform.o                  332
    sensors.o                   718       46    4'328
    sths34pf80_reg.o          1'236
    -------------------------------------------------
    Total:                    4'374      138    4'328

C:\Users\alexandre estor\OneDrive - STMicroelectronics\Documents\IAR_tof8\U3_SW040\Projects\Naquada\App\TZDisabled\EWARM\NUCLEO-U385RG_Templates_Legacy\Obj\User_7280784329937237312.dir: [8]
    BTEL_drivers.o              930               536
    app.o                       132       22       12
    brisk_reports.o             252      710       12
    main.o                    1'384       81      543
    stm32u3xx_hal_msp.o           2
    stm32u3xx_it.o              260
    -------------------------------------------------
    Total:                    2'960      813    1'103

C:\Users\alexandre estor\OneDrive - STMicroelectronics\Documents\IAR_tof8\U3_SW040\Projects\Naquada\App\TZDisabled\EWARM\NUCLEO-U385RG_Templates_Legacy\Obj\VL53L8CX_9662947142654755518.dir: [9]
    vl53l8cx_api.o            4'816   87'932
    vl53l8cx_platform.o         234
    -------------------------------------------------
    Total:                    5'050   87'932

dl7M_tln.a: [10]
    abs.o                         8
    exit.o                        4
    low_level_init.o              4
    -------------------------------------------------
    Total:                       16

m7M_tls.a: [11]
    DblAddSub.o                 590
    DblCmpEq.o                   32
    DblCmpGe.o                   52
    DblDiv.o                    582
    DblMul.o                    426
    DblToFlt.o                  104
    FltToDbl.o                   72
    atan64.o                    188
    fpinit_M.o                   34
    iar_Atan64.o                456       64
    math_wrappers64.o            18
    -------------------------------------------------
    Total:                    2'554       64

rt7M_tl.a: [12]
    ABImemcpy.o                 166
    ABImemset.o                 102
    cexit.o                      10
    cmain.o                      30
    cstartup_M.o                 28
    data_init.o                  40
    lz77_init_single.o          126
    zero_init3.o                 56
    -------------------------------------------------
    Total:                      558

shb_l.a: [13]
    exit.o                       20
    -------------------------------------------------
    Total:                       20

    Gaps                         32        8
    Linker created                        32    1'024
-----------------------------------------------------
    Grand Total:             48'400   98'817   20'922


*******************************************************************************
*** ENTRY LIST
***

Entry                       Address      Size  Type      Object
-----                       -------      ----  ----      ------
.iar.init_table$$Base    0x802'39d4             --   Gb  - Linker created -
.iar.init_table$$Limit   0x802'39f4             --   Gb  - Linker created -
?main                    0x802'39f5            Code  Gb  cmain.o [12]
ADC1_IRQHandler          0x802'3d29            Code  Wk  startup_stm32u385xx.o [4]
ADC2_IRQHandler          0x802'3e01            Code  Wk  startup_stm32u385xx.o [4]
ADC_CHANNEL_LUT          0x802'3838      0x4c  Data  Lc  stm32u3xx_hal_adc.o [5]
ADC_Disable              0x801'9d7d      0x7e  Code  Gb  stm32u3xx_hal_adc.o [5]
ADC_DoSingleConversion   0x801'ad8f      0x34  Code  Gb  analog.o [1]
ADC_Enable               0x801'9cc1      0xa0  Code  Gb  stm32u3xx_hal_adc.o [5]
ADCs_Init                0x801'aba7     0x1e8  Code  Gb  analog.o [1]
ADCs_Sweep               0x801'adc3      0x58  Code  Gb  analog.o [1]
ADF1_IRQHandler          0x802'3dfd            Code  Wk  startup_stm32u385xx.o [4]
AES_IRQHandler           0x802'3dd1            Code  Wk  startup_stm32u385xx.o [4]
AHBPrescTable            0x802'3ad4      0x10  Data  Gb  system_stm32u3xx.o [3]
APBPrescTable            0x802'3c54       0x8  Data  Gb  system_stm32u3xx.o [3]
AddTou8fifo              0x801'f249       0xa  Code  Gb  u8fifo.o [2]
Analog                  0x2000'48b4     0x130  Data  Gb  analog.o [1]
AnalogDebug             0x2000'4d80       0x4  Data  Gb  analog.o [1]
AnalogInit               0x801'aec7       0xc  Code  Gb  analog.o [1]
AnalogTest               0x801'aed3      0x5c  Code  Gb  analog.o [1]
AverageDistanceHand      0x802'04a9      0x2a  Code  Gb  AE_vl53l8.o [1]
BR_SubSample            0x2000'4d84       0x4  Data  Gb  brisk_reports.o [8]
BTEL                    0x2000'449c     0x218  Data  Gb  BTEL_drivers.o [8]
BTEL_100ms               0x801'd3a5      0x22  Code  Gb  brisk_reports.o [8]
BTEL_Disable             0x801'b32d       0xa  Code  Gb  BTEL_drivers.o [8]
BTEL_Init                0x801'b34f      0x1e  Code  Gb  BTEL_drivers.o [8]
BTEL_LeftPaneReport      0x801'd357      0x38  Code  Gb  brisk_reports.o [8]
BTEL_MasterPanel0       0x2000'02ac       0x4  Data  Gb  brisk_reports.o [8]
BTEL_MasterRightPaneReport
                         0x801'd38f      0x16  Code  Gb  brisk_reports.o [8]
BTEL_Printf              0x801'b381     0x2f2  Code  Gb  BTEL_drivers.o [8]
BTEL_ResetIncoming       0x801'b337      0x18  Code  Gb  BTEL_drivers.o [8]
BTEL_SetPanel            0x801'd3c7      0x2c  Code  Gb  brisk_reports.o [8]
BTEL_putint_to_RAM       0x801'b36d      0x14  Code  Gb  BTEL_drivers.o [8]
BT_RX_Pad               0x2000'046c       0x8  Data  Gb  SerialComPort.o [2]
BT_TX_Pad               0x2000'0464       0x8  Data  Gb  SerialComPort.o [2]
BriskDimLED              0x801'b01f      0x76  Code  Gb  LEDs.o [1]
BriskDimTimedLED         0x801'b20b      0x32  Code  Gb  LEDs.o [1]
BriskLEDsDisabled       0x2000'4dab       0x1  Data  Lc  LEDs.o [1]
Brisk_100ms_Flag        0x2000'4db0       0x1  Data  Gb  main.o [8]
Brisk_10ms_Flag         0x2000'4dae       0x1  Data  Gb  main.o [8]
Brisk_1ms_Counter       0x2000'4d90       0x4  Data  Gb  main.o [8]
Brisk_1ms_ISR            0x801'a129      0x56  Code  Gb  main.o [8]
Brisk_1sec_Counter      0x2000'4d94       0x4  Data  Gb  main.o [8]
Brisk_1sec_Flag         0x2000'4db1       0x1  Data  Gb  main.o [8]
Brisk_50ms_Flag         0x2000'4daf       0x1  Data  Gb  main.o [8]
Brisk_5ms_Flag          0x2000'4dad       0x1  Data  Gb  main.o [8]
Brisk_I2C_MasterIO_Init
                         0x801'87d1      0x6a  Code  Gb  I2C_MasterIO.o [2]
Brisk_I2C_MasterIO_Test
                         0x801'883b      0x2c  Code  Gb  I2C_MasterIO.o [2]
Brisk_Polling            0x801'a17f     0x164  Code  Gb  main.o [8]
Brisk_Report             0x801'd321      0x36  Code  Gb  brisk_reports.o [8]
BusFault_Handler         0x802'2f27       0x2  Code  Gb  stm32u3xx_it.o [8]
Bytes_from_RX           0x2000'1c9c    0x1800  Data  Gb  SerialComPort.o [2]
Bytes_to_TX             0x2000'049c    0x1800  Data  Gb  SerialComPort.o [2]
CNT_Delay_cy             0x801'8d23      0x14  Code  Gb  commons.o [1]
CNT_GetTimeCy            0x801'8d1b       0x8  Code  Gb  commons.o [1]
CNT_Init                 0x801'8cff      0x1c  Code  Gb  commons.o [1]
COMP_IRQHandler          0x802'3d9d            Code  Wk  startup_stm32u385xx.o [4]
CRS_IRQHandler           0x802'3da5            Code  Wk  startup_stm32u385xx.o [4]
CSTACK$$Base            0x2000'4dc0             --   Gb  - Linker created -
CSTACK$$Limit           0x2000'51c0             --   Gb  - Linker created -
Clipu8fifo_Down          0x801'f253      0x18  Code  Gb  u8fifo.o [2]
Configure_UART           0x801'b8d3      0xf8  Code  Gb  SerialComPort.o [2]
DAC1_IRQHandler          0x802'3d2d            Code  Wk  startup_stm32u385xx.o [4]
DACs_Init                0x801'ae1b      0xac  Code  Gb  analog.o [1]
DS_PADs                  0x801'5234    0x1c14  Data  Gb  HabuLQFP100_SMPS.o [1]
DS_PADsCount             0x802'3c84       0x4  Data  Gb  HabuLQFP100_SMPS.o [1]
DWT_CYCCNT              0x2000'02b0       0x4  Data  Gb  commons.o [1]
DebugMon_Handler         0x802'2f2f       0x2  Code  Gb  stm32u3xx_it.o [8]
DemoMode                0x2000'03c8       0x4  Data  Gb  main.o [8]
DevL8                   0x2000'349c     0xab0  Data  Gb  sensors.o [7]
EXTI0_IRQHandler         0x802'3cc1            Code  Wk  startup_stm32u385xx.o [4]
EXTI10_IRQHandler        0x802'3ce9            Code  Wk  startup_stm32u385xx.o [4]
EXTI11_IRQHandler        0x802'3ced            Code  Wk  startup_stm32u385xx.o [4]
EXTI12_IRQHandler        0x802'3cf1            Code  Wk  startup_stm32u385xx.o [4]
EXTI13_IRQHandler        0x802'3cf5            Code  Wk  startup_stm32u385xx.o [4]
EXTI14_IRQHandler        0x802'3cf9            Code  Wk  startup_stm32u385xx.o [4]
EXTI15_IRQHandler        0x802'3cfd            Code  Wk  startup_stm32u385xx.o [4]
EXTI1_IRQHandler         0x802'3cc5            Code  Wk  startup_stm32u385xx.o [4]
EXTI2_IRQHandler         0x802'3cc9            Code  Wk  startup_stm32u385xx.o [4]
EXTI3_IRQHandler         0x802'3ccd            Code  Wk  startup_stm32u385xx.o [4]
EXTI4_IRQHandler         0x802'3cd1            Code  Wk  startup_stm32u385xx.o [4]
EXTI5_IRQHandler         0x802'3cd5            Code  Wk  startup_stm32u385xx.o [4]
EXTI6_IRQHandler         0x802'3cd9            Code  Wk  startup_stm32u385xx.o [4]
EXTI7_IRQHandler         0x802'3cdd            Code  Wk  startup_stm32u385xx.o [4]
EXTI8_IRQHandler         0x802'3ce1            Code  Wk  startup_stm32u385xx.o [4]
EXTI9_IRQHandler         0x802'3ce5            Code  Wk  startup_stm32u385xx.o [4]
ErrorRecovery            0x801'8431      0x38  Code  Lc  I2C_MasterIO.o [2]
Error_Handler            0x801'9ffb       0x2  Code  Gb  main.o [8]
FDCAN1_IT0_IRQHandler    0x802'3d31            Code  Wk  startup_stm32u385xx.o [4]
FDCAN1_IT1_IRQHandler    0x802'3d35            Code  Wk  startup_stm32u385xx.o [4]
FLASH_IRQHandler         0x802'3cad            Code  Wk  startup_stm32u385xx.o [4]
FLASH_S_IRQHandler       0x802'3cb1            Code  Wk  startup_stm32u385xx.o [4]
FPU_IRQHandler           0x802'3dd9            Code  Wk  startup_stm32u385xx.o [4]
GPDMA1_Channel0_IRQHandler
                         0x802'3d09            Code  Wk  startup_stm32u385xx.o [4]
GPDMA1_Channel10_IRQHandler
                         0x802'3db9            Code  Wk  startup_stm32u385xx.o [4]
GPDMA1_Channel11_IRQHandler
                         0x802'3dbd            Code  Wk  startup_stm32u385xx.o [4]
GPDMA1_Channel1_IRQHandler
                         0x802'3d0d            Code  Wk  startup_stm32u385xx.o [4]
GPDMA1_Channel2_IRQHandler
                         0x802'3d11            Code  Wk  startup_stm32u385xx.o [4]
GPDMA1_Channel3_IRQHandler
                         0x802'3d15            Code  Wk  startup_stm32u385xx.o [4]
GPDMA1_Channel4_IRQHandler
                         0x802'3d19            Code  Wk  startup_stm32u385xx.o [4]
GPDMA1_Channel5_IRQHandler
                         0x802'3d1d            Code  Wk  startup_stm32u385xx.o [4]
GPDMA1_Channel6_IRQHandler
                         0x802'3d21            Code  Wk  startup_stm32u385xx.o [4]
GPDMA1_Channel7_IRQHandler
                         0x802'3d25            Code  Wk  startup_stm32u385xx.o [4]
GPDMA1_Channel8_IRQHandler
                         0x802'3db1            Code  Wk  startup_stm32u385xx.o [4]
GPDMA1_Channel9_IRQHandler
                         0x802'3db5            Code  Wk  startup_stm32u385xx.o [4]
GTZC_IRQHandler          0x802'3cb5            Code  Wk  startup_stm32u385xx.o [4]
GenerateStart            0x801'8469      0x84  Code  Lc  I2C_MasterIO.o [2]
GenerateStop             0x801'8639      0x48  Code  Lc  I2C_MasterIO.o [2]
Glueu8fifo_Up            0x801'f26b      0x18  Code  Gb  u8fifo.o [2]
HAL_ADCEx_Calibration_Start
                         0x801'd7db      0xba  Code  Gb  stm32u3xx_hal_adc_ex.o [5]
HAL_ADC_ConfigChannel    0x801'97fd     0x4b4  Code  Gb  stm32u3xx_hal_adc.o [5]
HAL_ADC_GetValue         0x801'97b9      0x2a  Code  Gb  stm32u3xx_hal_adc.o [5]
HAL_ADC_Init             0x801'9051     0x4f2  Code  Gb  stm32u3xx_hal_adc.o [5]
HAL_ADC_MspInit          0x801'a365       0x2  Code  Wk  stm32u3xx_hal_adc.o [5]
HAL_ADC_PollForConversion
                         0x801'9657     0x13e  Code  Gb  stm32u3xx_hal_adc.o [5]
HAL_ADC_Start            0x801'9543     0x114  Code  Gb  stm32u3xx_hal_adc.o [5]
HAL_DAC_ConfigChannel    0x801'da27     0x388  Code  Gb  stm32u3xx_hal_dac.o [5]
HAL_DAC_Init             0x801'd8a9      0x42  Code  Gb  stm32u3xx_hal_dac.o [5]
HAL_DAC_MspInit          0x802'17b1       0x2  Code  Wk  stm32u3xx_hal_dac.o [5]
HAL_DAC_SetValue         0x801'd99d      0x8a  Code  Gb  stm32u3xx_hal_dac.o [5]
HAL_DAC_Start            0x801'd8eb      0xb2  Code  Gb  stm32u3xx_hal_dac.o [5]
HAL_Delay                0x801'8911      0x28  Code  Wk  stm32u3xx_hal.o [5]
HAL_GetTick              0x801'8d69       0xc  Code  Wk  stm32u3xx_hal.o [5]
HAL_ICACHE_ConfigAssociativityMode
                         0x801'ab21      0x36  Code  Gb  stm32u3xx_hal_icache.o [5]
HAL_ICACHE_Enable        0x801'ab57       0xe  Code  Gb  stm32u3xx_hal_icache.o [5]
HAL_IncTick              0x802'2ff1      0x18  Code  Wk  stm32u3xx_hal.o [5]
HAL_Init                 0x801'a369      0x34  Code  Gb  stm32u3xx_hal.o [5]
HAL_InitTick             0x801'd705      0xbc  Code  Wk  stm32u3xx_hal.o [5]
HAL_LPTIM_Init           0x801'ea15     0x41a  Code  Gb  stm32u3xx_hal_lptim.o [5]
HAL_LPTIM_MspInit        0x802'17b5       0x2  Code  Wk  stm32u3xx_hal_lptim.o [5]
HAL_LPTIM_OC_ConfigChannel
                         0x801'ef29     0x10e  Code  Gb  stm32u3xx_hal_lptim.o [5]
HAL_LPTIM_PWM_Start      0x801'ee2f      0xdc  Code  Gb  stm32u3xx_hal_lptim.o [5]
HAL_MspInit              0x801'd7c1       0x2  Code  Gb  stm32u3xx_hal_msp.o [8]
HAL_NVIC_SetPriority     0x801'd4d7      0x9a  Code  Gb  stm32u3xx_hal_cortex.o [5]
HAL_NVIC_SetPriorityGrouping
                         0x801'd4ad      0x2a  Code  Gb  stm32u3xx_hal_cortex.o [5]
HAL_PWREx_ConfigSupply   0x801'c439      0x78  Code  Gb  stm32u3xx_hal_pwr_ex.o [5]
HAL_PWREx_ControlVoltageScaling
                         0x801'c3b1      0x56  Code  Gb  stm32u3xx_hal_pwr_ex.o [5]
HAL_PWREx_EnableEpodBooster
                         0x801'c407      0x32  Code  Gb  stm32u3xx_hal_pwr_ex.o [5]
HAL_RCCEx_EpodBoosterClkConfig
                         0x801'aa59      0xa4  Code  Gb  stm32u3xx_hal_rcc_ex.o [5]
HAL_RCCEx_PeriphCLKConfig
                         0x801'a3a1     0x6ae  Code  Gb  stm32u3xx_hal_rcc_ex.o [5]
HAL_RCC_ClockConfig      0x801'cb4d     0x278  Code  Gb  stm32u3xx_hal_rcc.o [5]
HAL_RCC_GetHCLKFreq      0x801'ce29      0x1c  Code  Gb  stm32u3xx_hal_rcc.o [5]
HAL_RCC_GetSysClockFreq
                         0x801'cde5      0x40  Code  Gb  stm32u3xx_hal_rcc.o [5]
HAL_RCC_OscConfig        0x801'c4c9     0x684  Code  Gb  stm32u3xx_hal_rcc.o [5]
HAL_SYSTICK_CLKSourceConfig
                         0x801'd59d      0x92  Code  Gb  stm32u3xx_hal_cortex.o [5]
HAL_SYSTICK_Config       0x801'd571      0x2c  Code  Gb  stm32u3xx_hal_cortex.o [5]
HAL_TIM_PWM_ConfigChannel
                         0x801'e151     0x31a  Code  Gb  stm32u3xx_hal_tim.o [5]
HAL_TIM_PWM_Init         0x801'ddc5     0x19c  Code  Gb  stm32u3xx_hal_tim.o [5]
HAL_TIM_PWM_MspInit      0x802'17b3       0x2  Code  Wk  stm32u3xx_hal_tim.o [5]
HAL_TIM_PWM_Start        0x801'df61     0x1c6  Code  Gb  stm32u3xx_hal_tim.o [5]
HAL_XSPI_AutoPolling     0x802'13ff     0x136  Code  Gb  stm32u3xx_hal_xspi.o [5]
HAL_XSPI_Command         0x802'0f63     0x308  Code  Gb  stm32u3xx_hal_xspi.o [5]
HAL_XSPI_Init            0x802'0b25     0x43e  Code  Gb  stm32u3xx_hal_xspi.o [5]
HAL_XSPI_MspInit         0x801'ced1      0x42  Code  Gb  octospi 1.o [2]
HAL_XSPI_Receive         0x802'1323      0xdc  Code  Gb  stm32u3xx_hal_xspi.o [5]
HAL_XSPI_SetTimeout      0x802'1535       0x6  Code  Gb  stm32u3xx_hal_xspi.o [5]
HAL_XSPI_Transmit        0x802'1279      0xaa  Code  Gb  stm32u3xx_hal_xspi.o [5]
HASH_IRQHandler          0x802'3ddd            Code  Wk  startup_stm32u385xx.o [4]
HardFault_Handler        0x802'2f23       0x2  Code  Gb  stm32u3xx_it.o [8]
Hooku8fifo_Emptied       0x801'f159       0x8  Code  Gb  u8fifo.o [2]
Hooku8fifo_NoLongerEmpty
                         0x801'f151       0x8  Code  Gb  u8fifo.o [2]
I2C1_ER_IRQHandler       0x802'3d69            Code  Wk  startup_stm32u385xx.o [4]
I2C1_EV_IRQHandler       0x802'3d65            Code  Wk  startup_stm32u385xx.o [4]
I2C2_ER_IRQHandler       0x802'3d71            Code  Wk  startup_stm32u385xx.o [4]
I2C2_EV_IRQHandler       0x802'3d6d            Code  Wk  startup_stm32u385xx.o [4]
I2C3_ER_IRQHandler       0x802'3dc5            Code  Wk  startup_stm32u385xx.o [4]
I2C3_EV_IRQHandler       0x802'3dc1            Code  Wk  startup_stm32u385xx.o [4]
I2C_MasterIO_AccessSlave
                         0x801'8681      0xf0  Code  Gb  I2C_MasterIO.o [2]
I2C_MasterIO_CNT_AutoTune
                         0x801'8867      0x70  Code  Lc  I2C_MasterIO.o [2]
I2C_MasterIO_ConfigHW    0x801'83af      0x38  Code  Gb  I2C_MasterIO.o [2]
I2C_MasterIO_ConfigTimings
                         0x801'83e7      0x2c  Code  Gb  I2C_MasterIO.o [2]
I2C_MasterIO_Enable      0x801'8413       0x4  Code  Gb  I2C_MasterIO.o [2]
I2C_MasterIO_FindNextSlaveByAddress
                         0x801'87a1      0x30  Code  Gb  I2C_MasterIO.o [2]
I2C_MasterIO_Init        0x801'8391      0x1e  Code  Gb  I2C_MasterIO.o [2]
I2C_MasterIO_IsSlavePresent
                         0x801'8795       0xc  Code  Gb  I2C_MasterIO.o [2]
I2C_MasterIO_IsSlavePresentByAddress
                         0x801'8771      0x24  Code  Gb  I2C_MasterIO.o [2]
I3C1_ER_IRQHandler       0x802'3d61            Code  Wk  startup_stm32u385xx.o [4]
I3C1_EV_IRQHandler       0x802'3d5d            Code  Wk  startup_stm32u385xx.o [4]
I3C2_ER_IRQHandler       0x802'3df1            Code  Wk  startup_stm32u385xx.o [4]
I3C2_EV_IRQHandler       0x802'3ded            Code  Wk  startup_stm32u385xx.o [4]
ICACHE_IRQHandler        0x802'3df5            Code  Wk  startup_stm32u385xx.o [4]
IO_AddPadToRawPortPads   0x801'8951      0x3a  Code  Gb  io_drive.o [1]
IO_GPIOx                0x2000'02b4      0x38  Data  Gb  HabuLQFP100_SMPS.o [1]
IO_PadDeInit             0x801'8b89      0x18  Code  Gb  io_drive.o [1]
IO_PadInit               0x801'898b     0x1fe  Code  Gb  io_drive.o [1]
IO_PadSetHigh            0x801'8ba1      0x1e  Code  Gb  io_drive.o [1]
IO_PadSetLow             0x801'8bbf      0x1e  Code  Gb  io_drive.o [1]
IO_PadToggle             0x801'8bdd      0x26  Code  Gb  io_drive.o [1]
IO_RawPadGet             0x801'8c27      0x12  Code  Gb  io_drive.o [1]
IO_RawPadSetHigh         0x801'8c03      0x12  Code  Gb  io_drive.o [1]
IO_RawPadSetLow          0x801'8c15      0x12  Code  Gb  io_drive.o [1]
IWDG_IRQHandler          0x802'3d01            Code  Wk  startup_stm32u385xx.o [4]
Interpolate_i32          0x801'8d4d      0x1c  Code  Gb  commons.o [1]
Joy_50ms                 0x801'd2cb      0x4a  Code  Gb  app.o [8]
LCD_16x2                0x2000'0344      0x54  Data  Gb  LCD_16x2.o [1]
LCD_16x2_ActivateSignals
                         0x801'bcfd      0x26  Code  Lc  LCD_16x2.o [1]
LCD_16x2_Clear           0x801'bf91      0x10  Code  Lc  LCD_16x2.o [1]
LCD_16x2_ClearScreen_RAM
                         0x801'bf3d      0x18  Code  Gb  LCD_16x2.o [1]
LCD_16x2_DeactivateSignals
                         0x801'bd23      0x26  Code  Lc  LCD_16x2.o [1]
LCD_16x2_FillRAM         0x801'beb7      0x34  Code  Gb  LCD_16x2.o [1]
LCD_16x2_GOTO_X_Y        0x801'be49      0x44  Code  Gb  LCD_16x2.o [1]
LCD_16x2_Init            0x801'bfa1      0xc8  Code  Gb  LCD_16x2.o [1]
LCD_16x2_Printf          0x801'c0c9     0x2e8  Code  Gb  LCD_16x2.o [1]
LCD_16x2_RAM_GOTO_HorizontalCenter
                         0x801'c0bb       0xe  Code  Gb  LCD_16x2.o [1]
LCD_16x2_RAM_GOTO_Next_Line
                         0x801'c09b      0x20  Code  Gb  LCD_16x2.o [1]
LCD_16x2_RAM_GOTO_X_Y    0x801'be8d      0x2a  Code  Gb  LCD_16x2.o [1]
LCD_16x2_RAM_to_Display
                         0x801'beeb      0x52  Code  Gb  LCD_16x2.o [1]
LCD_16x2_Writecom        0x801'bd9b      0x46  Code  Lc  LCD_16x2.o [1]
LCD_16x2_Writedata       0x801'bde1      0x68  Code  Lc  LCD_16x2.o [1]
LCD_16x2_Writedata_to_RAM
                         0x801'bf55      0x3c  Code  Gb  LCD_16x2.o [1]
LCD_16x2_putint_to_RAM   0x801'c085      0x16  Code  Gb  LCD_16x2.o [1]
LCD_16x2_sendByte        0x801'bd49      0x52  Code  Lc  LCD_16x2.o [1]
LCD_CS                  0x2000'0304       0x8  Data  Gb  LCD_16x2.o [1]
LCD_CSoff               0x2000'032c       0x8  Data  Gb  LCD_16x2.o [1]
LCD_RS                  0x2000'02fc       0x8  Data  Gb  LCD_16x2.o [1]
LCD_RST                 0x2000'02f4       0x8  Data  Gb  LCD_16x2.o [1]
LCD_RSToff              0x2000'031c       0x8  Data  Gb  LCD_16x2.o [1]
LCD_RSoff               0x2000'0324       0x8  Data  Gb  LCD_16x2.o [1]
LCD_SCL                 0x2000'030c       0x8  Data  Gb  LCD_16x2.o [1]
LCD_SCLoff              0x2000'0334       0x8  Data  Gb  LCD_16x2.o [1]
LCD_SI                  0x2000'0314       0x8  Data  Gb  LCD_16x2.o [1]
LCD_SIoff               0x2000'033c       0x8  Data  Gb  LCD_16x2.o [1]
LED1_AsPWM               0x802'3bec       0x8  Data  Gb  LEDs.o [1]
LED2_AsPWM               0x802'3bf4       0x8  Data  Gb  LEDs.o [1]
LED3_AsPWM               0x802'3bfc       0x8  Data  Gb  LEDs.o [1]
LED_LPTimHandle         0x2000'4bf4      0x50  Data  Gb  LEDs.o [1]
LED_TimHandle           0x2000'4c44      0x4c  Data  Gb  LEDs.o [1]
LEDsConfigureChannel     0x801'b0e9      0x44  Code  Gb  LEDs.o [1]
LEDsConfigureLPChannel   0x801'b12d      0x30  Code  Gb  LEDs.o [1]
LEDsConfigureLPTimers    0x801'b0bf      0x2a  Code  Gb  LEDs.o [1]
LEDsConfigureTimers      0x801'b095      0x2a  Code  Gb  LEDs.o [1]
LEDsSetDutyCycle         0x801'b15d      0x3c  Code  Gb  LEDs.o [1]
LIS_Init                 0x801'baf7      0x80  Code  Gb  sensors.o [7]
LIS_Slave               0x2000'03f4      0x1c  Data  Gb  sensors.o [7]
LIS_sensor              0x2000'0410      0x10  Data  Gb  sensors.o [7]
LL_ADC_ClearFlag_LDORDY
                         0x801'9049       0x8  Code  Lc  stm32u3xx_hal_adc.o [5]
LL_ADC_Disable           0x801'8ff9      0x10  Code  Lc  stm32u3xx_hal_adc.o [5]
LL_ADC_DisableDeepPowerDown
                         0x801'8fb9       0xc  Code  Lc  stm32u3xx_hal_adc.o [5]
LL_ADC_Enable            0x801'8fe9      0x10  Code  Lc  stm32u3xx_hal_adc.o [5]
LL_ADC_EnableInternalRegulator
                         0x801'8fcf      0x10  Code  Lc  stm32u3xx_hal_adc.o [5]
LL_ADC_GetCommonPathInternalCh
                         0x801'8d81       0x8  Code  Lc  stm32u3xx_hal_adc.o [5]
LL_ADC_GetMultiDataFormat
                         0x801'8fb1       0x8  Code  Lc  stm32u3xx_hal_adc.o [5]
LL_ADC_GetMultimode      0x801'8fa9       0x8  Code  Lc  stm32u3xx_hal_adc.o [5]
LL_ADC_GetOffsetChannel
                         0x801'8dbf       0xc  Code  Lc  stm32u3xx_hal_adc.o [5]
LL_ADC_GetPathInternalCh
                         0x801'8d9b       0xc  Code  Lc  stm32u3xx_hal_adc.o [5]
LL_ADC_GetResolution     0x801'8da7       0x8  Code  Lc  stm32u3xx_hal_adc.o [5]
LL_ADC_INJ_IsConversionOngoing
                         0x801'9035       0xa  Code  Lc  stm32u3xx_hal_adc.o [5]
LL_ADC_IsActiveFlag_LDORDY
                         0x801'903f       0xa  Code  Lc  stm32u3xx_hal_adc.o [5]
LL_ADC_IsCalibrationOnGoing
                         0x801'd7d5       0x6  Code  Lc  stm32u3xx_hal_adc_ex.o [5]
LL_ADC_IsDeepPowerDownEnabled
                         0x801'8fc5       0xa  Code  Lc  stm32u3xx_hal_adc.o [5]
LL_ADC_IsDisableOngoing
                         0x801'9011       0xa  Code  Lc  stm32u3xx_hal_adc.o [5]
LL_ADC_IsEnabled         0x801'9009       0x8  Code  Lc  stm32u3xx_hal_adc.o [5]
LL_ADC_IsInternalRegulatorEnabled
                         0x801'8fdf       0xa  Code  Lc  stm32u3xx_hal_adc.o [5]
LL_ADC_REG_IsConversionOngoing
                         0x801'902b       0xa  Code  Lc  stm32u3xx_hal_adc.o [5]
LL_ADC_REG_IsTriggerSourceSWStart
                         0x801'8e31      0x10  Code  Lc  stm32u3xx_hal_adc.o [5]
LL_ADC_REG_SetSequencerRanks
                         0x801'8e41      0x2e  Code  Lc  stm32u3xx_hal_adc.o [5]
LL_ADC_REG_StartConversion
                         0x801'901b      0x10  Code  Lc  stm32u3xx_hal_adc.o [5]
LL_ADC_SetChannelPreselection
                         0x801'8e6f      0x1a  Code  Lc  stm32u3xx_hal_adc.o [5]
LL_ADC_SetChannelSamplingTime
                         0x801'8e89     0x120  Code  Lc  stm32u3xx_hal_adc.o [5]
LL_ADC_SetCommonPathInternalCh
                         0x801'8d75       0xc  Code  Lc  stm32u3xx_hal_adc.o [5]
LL_ADC_SetGainCompensation
                         0x801'8e13      0x1e  Code  Lc  stm32u3xx_hal_adc.o [5]
LL_ADC_SetOffsetChannel
                         0x801'8daf      0x10  Code  Lc  stm32u3xx_hal_adc.o [5]
[...]
SleepingLED             0x2000'4d98       0x4  Data  Gb  main.o [8]
SwapBuffer               0x801'81ad      0x46  Code  Gb  vl53l8cx_platform.o [9]
SysTick_Handler          0x802'2f33       0xc  Code  Gb  stm32u3xx_it.o [8]
SystemClock_Config       0x801'9f1d      0xcc  Code  Lc  main.o [8]
SystemCoreClock         0x2000'0494       0x4  Data  Gb  system_stm32u3xx.o [3]
SystemCoreClockUpdate    0x801'd661      0x7c  Code  Gb  system_stm32u3xx.o [3]
SystemInit               0x801'd655       0xc  Code  Gb  system_stm32u3xx.o [3]
SystemPower_Config       0x801'9fe9      0x12  Code  Lc  main.o [8]
TAMP_IRQHandler          0x802'3ca5            Code  Wk  startup_stm32u385xx.o [4]
TIM15_IRQHandler         0x802'3d91            Code  Wk  startup_stm32u385xx.o [4]
TIM16_IRQHandler         0x802'3d95            Code  Wk  startup_stm32u385xx.o [4]
TIM17_IRQHandler         0x802'3d99            Code  Wk  startup_stm32u385xx.o [4]
TIM1_BRK_TERR_IERR_IRQHandler
                         0x802'3d39            Code  Wk  startup_stm32u385xx.o [4]
TIM1_CC_IRQHandler       0x802'3d45            Code  Wk  startup_stm32u385xx.o [4]
TIM1_TRG_COM_DIR_IDX_IRQHandler
                         0x802'3d41            Code  Wk  startup_stm32u385xx.o [4]
TIM1_UP_IRQHandler       0x802'3d3d            Code  Wk  startup_stm32u385xx.o [4]
TIM2_IRQHandler          0x802'3d49            Code  Wk  startup_stm32u385xx.o [4]
TIM3_IRQHandler          0x802'3d4d            Code  Wk  startup_stm32u385xx.o [4]
TIM4_IRQHandler          0x802'3d51            Code  Wk  startup_stm32u385xx.o [4]
TIM6_IRQHandler          0x802'3d55            Code  Wk  startup_stm32u385xx.o [4]
TIM7_IRQHandler          0x802'3d59            Code  Wk  startup_stm32u385xx.o [4]
TIM_Base_SetConfig       0x801'e499      0xb0  Code  Gb  stm32u3xx_hal_tim.o [5]
TIM_CCxChannelCmd        0x801'e96d      0x82  Code  Gb  stm32u3xx_hal_tim.o [5]
TIM_OC1_SetConfig        0x801'e549      0xe4  Code  Lc  stm32u3xx_hal_tim.o [5]
TIM_OC2_SetConfig        0x801'e62d      0xcc  Code  Gb  stm32u3xx_hal_tim.o [5]
TIM_OC3_SetConfig        0x801'e6f9      0xd0  Code  Lc  stm32u3xx_hal_tim.o [5]
TIM_OC4_SetConfig        0x801'e7cb      0xcc  Code  Lc  stm32u3xx_hal_tim.o [5]
TIM_OC5_SetConfig        0x801'e897      0x5a  Code  Lc  stm32u3xx_hal_tim.o [5]
TIM_OC6_SetConfig        0x801'e8f9      0x5c  Code  Lc  stm32u3xx_hal_tim.o [5]
TSC_IRQHandler           0x802'3dcd            Code  Wk  startup_stm32u385xx.o [4]
TestLEDs                 0x801'b275      0xb6  Code  Gb  LEDs.o [1]
TimedLED_10msecTick      0x801'b199      0x72  Code  Gb  LEDs.o [1]
TimedLEDs               0x2000'0398      0x30  Data  Gb  LEDs.o [1]
TimedLEDsInit            0x801'af59      0xc6  Code  Gb  LEDs.o [1]
Tof_inRange_u16          0x802'03c9      0x26  Code  Gb  AE_vl53l8.o [1]
TransmitByte             0x801'84ed      0xb2  Code  Lc  I2C_MasterIO.o [2]
TransmitPanel            0x801'b679      0x56  Code  Gb  BTEL_drivers.o [8]
UART4_IRQHandler         0x802'3d7d            Code  Wk  startup_stm32u385xx.o [4]
UART5_IRQHandler         0x802'3d81            Code  Wk  startup_stm32u385xx.o [4]
USART1_IRQHandler        0x802'2f3f      0x4e  Code  Gb  stm32u3xx_it.o [8]
USART3_IRQHandler        0x802'2f8d      0x4e  Code  Gb  stm32u3xx_it.o [8]
USART_PRESCALER_TAB      0x802'3900      0x30  Data  Lc  stm32u3xx_ll_usart.o [5]
USARTs_ClockEnable       0x801'b7a5      0x60  Code  Gb  SerialComPort.o [2]
UsageFault_Handler       0x802'2f29       0x2  Code  Gb  stm32u3xx_it.o [8]
UserKey                 0x2000'029c       0xc  Data  Gb  app.o [8]
UserKeyPin_ANALOG        0x802'3bbc       0x8  Data  Gb  app.o [8]
VL53L4CD_CheckForDataReady
                         0x802'0111      0x68  Code  Gb  VL53L4CD_api.o [7]
VL53L4CD_ClearInterrupt
                         0x802'00a7      0x16  Code  Gb  VL53L4CD_api.o [7]
VL53L4CD_DEFAULT_CONFIGURATION
                         0x802'37dc      0x5c  Data  Lc  VL53L4CD_api.o [7]
VL53L4CD_GetSensorId     0x801'ff79      0x18  Code  Gb  VL53L4CD_api.o [7]
VL53L4CD_RdByte          0x802'1ae5      0x24  Code  Gb  platform.o [7]
VL53L4CD_RdDWord         0x802'1a69      0x46  Code  Gb  platform.o [7]
VL53L4CD_RdWord          0x802'1aaf      0x36  Code  Gb  platform.o [7]
VL53L4CD_SensorInit      0x801'ff91     0x116  Code  Gb  VL53L4CD_api.o [7]
VL53L4CD_SetRangeTiming
                         0x802'017d     0x16c  Code  Gb  VL53L4CD_api.o [7]
VL53L4CD_StartRanging    0x802'00bd      0x3e  Code  Gb  VL53L4CD_api.o [7]
VL53L4CD_StopRanging     0x802'00fb      0x16  Code  Gb  VL53L4CD_api.o [7]
VL53L4CD_WrByte          0x802'1b09      0x26  Code  Gb  platform.o [7]
VL53L4CD_WrDWord         0x802'1b63      0x3c  Code  Gb  platform.o [7]
VL53L4CD_WrWord          0x802'1b2f      0x34  Code  Gb  platform.o [7]
VL53L8CX_DEFAULT_CONFIGURATION
                         0x802'259c     0x3cc  Data  Gb  vl53l8cx_api.o [9]
VL53L8CX_DEFAULT_XTALK   0x802'2968     0x308  Data  Gb  vl53l8cx_api.o [9]
VL53L8CX_FIRMWARE        0x800'0234  0x1'5000  Data  Gb  vl53l8cx_api.o [9]
VL53L8CX_GET_NVM_CMD     0x802'3960      0x28  Data  Gb  vl53l8cx_api.o [9]
VL53L8CX_WaitMs          0x801'81f3      0x10  Code  Gb  vl53l8cx_platform.o [9]
VL53L8_Init              0x801'bbb9      0x48  Code  Gb  sensors.o [7]
VL53L8_Poll              0x801'bc01      0x46  Code  Gb  sensors.o [7]
VL53L8_Slave            0x2000'0448      0x1c  Data  Gb  sensors.o [7]
VL53_Init                0x801'bb79      0x40  Code  Gb  sensors.o [7]
VL53_Slave              0x2000'0420      0x1c  Data  Gb  sensors.o [7]
VL_results              0x2000'4d68      0x10  Data  Gb  sensors.o [7]
VL_sensor               0x2000'043c       0xc  Data  Gb  sensors.o [7]
WRDI                     0x801'cf89      0x6c  Code  Gb  m95p32_hal_xspi.o [1]
WREN                     0x801'cf1d      0x6c  Code  Gb  m95p32_hal_xspi.o [1]
WWDG_IRQHandler          0x802'3c95            Code  Wk  startup_stm32u385xx.o [4]
WaitHere                 0x801'8417      0x1a  Code  Lc  I2C_MasterIO.o [2]
WaitMs                   0x802'1ba5      0x10  Code  Gb  platform.o [7]
WrByte                   0x801'813d      0x26  Code  Gb  vl53l8cx_platform.o [9]
WrMulti                  0x801'8163      0x22  Code  Gb  vl53l8cx_platform.o [9]
XSPI_ConfigCmd           0x802'158d     0x20e  Code  Lc  stm32u3xx_hal_xspi.o [5]
XSPI_WaitFlagStateUntilTimeout
                         0x802'153b      0x52  Code  Lc  stm32u3xx_hal_xspi.o [5]
_Clipu8fifo_Down         0x801'f179      0x4e  Code  Lc  u8fifo.o [2]
_Glueu8fifo_Up           0x801'f1c7      0x82  Code  Lc  u8fifo.o [2]
__NVIC_EnableIRQ         0x801'b6dd      0x1c  Code  Lc  SerialComPort.o [2]
__NVIC_GetPriorityGrouping
                         0x801'b6d1       0xc  Code  Lc  SerialComPort.o [2]
__NVIC_GetPriorityGrouping
                         0x801'd43b       0xc  Code  Lc  stm32u3xx_hal_cortex.o [5]
__NVIC_SetPriority       0x801'b6f9      0x24  Code  Lc  SerialComPort.o [2]
__NVIC_SetPriority       0x801'd449      0x28  Code  Lc  stm32u3xx_hal_cortex.o [5]
__NVIC_SetPriorityGrouping
                         0x801'd41d      0x1e  Code  Lc  stm32u3xx_hal_cortex.o [5]
__Vectors                0x800'0000             --   Gb  startup_stm32u385xx.o [4]
__Vectors_End            0x800'0234            Data  Gb  startup_stm32u385xx.o [4]
__Vectors_Size {Abs}          0x234             --   Gb  startup_stm32u385xx.o [4]
__aeabi_cdcmpeq          0x802'2181            Code  Gb  DblCmpEq.o [11]
__aeabi_cdrcmple         0x802'1f85            Code  Gb  DblCmpGe.o [11]
__aeabi_d2f              0x802'1c19            Code  Gb  DblToFlt.o [11]
__aeabi_dadd             0x802'234d            Code  Gb  DblAddSub.o [11]
__aeabi_ddiv             0x802'1c81            Code  Gb  DblDiv.o [11]
__aeabi_dmul             0x802'21a1            Code  Gb  DblMul.o [11]
__aeabi_f2d              0x802'1bbd            Code  Gb  FltToDbl.o [11]
__aeabi_memcpy           0x801'8281            Code  Gb  ABImemcpy.o [12]
__aeabi_memcpy4          0x801'82a1            Code  Gb  ABImemcpy.o [12]
__aeabi_memcpy8          0x801'82a1            Code  Gb  ABImemcpy.o [12]
__aeabi_memset           0x801'8329            Code  Gb  ABImemset.o [12]
__cmain                  0x802'39f5            Code  Gb  cmain.o [12]
__exit                   0x802'3a29      0x14  Code  Gb  exit.o [13]
__iar_Atan64             0x802'1fb9     0x1c8  Code  Gb  iar_Atan64.o [11]
__iar_Memset             0x801'8329            Code  Gb  ABImemset.o [12]
__iar_Memset_word        0x801'8331            Code  Gb  ABImemset.o [12]
__iar_atan64             0x802'1ec9      0xbc  Code  Gb  atan64.o [11]
__iar_data_init3         0x802'3989      0x28  Code  Gb  data_init.o [12]
__iar_init_vfp           0x802'39b1            Code  Gb  fpinit_M.o [11]
__iar_lz77_init_single3
                         0x801'8203      0x7e  Code  Gb  lz77_init_single.o [12]
__iar_program_start      0x802'3a75            Code  Gb  cstartup_M.o [12]
__iar_vfp_atan           0x802'1c0b       0xc  Code  Gb  math_wrappers64.o [11]
__iar_zero_init3         0x802'38c9      0x38  Code  Gb  zero_init3.o [12]
__low_level_init         0x802'3a13       0x4  Code  Gb  low_level_init.o [10]
__vector_table           0x800'0000            Data  Gb  startup_stm32u385xx.o [4]
_call_main               0x802'3a01            Code  Gb  cmain.o [12]
_exit                    0x802'3a1d            Code  Gb  cexit.o [12]
_vl53l8cx_poll_for_answer
                         0x801'6e49      0x82  Code  Lc  vl53l8cx_api.o [9]
_vl53l8cx_poll_for_mcu_boot
                         0x801'6ecb      0x58  Code  Lc  vl53l8cx_api.o [9]
_vl53l8cx_send_offset_data
                         0x801'6f23     0x262  Code  Lc  vl53l8cx_api.o [9]
_vl53l8cx_send_xtalk_data
                         0x801'7185     0x1a6  Code  Lc  vl53l8cx_api.o [9]
a                        0x802'3888      0x40  Data  Lc  iar_Atan64.o [11]
abs                      0x802'1bb5       0x8  Code  Wk  abs.o [10]
adc_joy_lsb             0x2000'4d8c       0x4  Data  Gb  main.o [8]
assert_failed            0x801'9ffd       0x2  Code  Gb  main.o [8]
atan                     0x802'1ec9      0xbc  Code  Gb  atan64.o [11]
atanl                    0x802'1ec9      0xbc  Code  Gb  atan64.o [11]
ccipr_addr_reg          0x2000'0488       0xc  Data  Lc  stm32u3xx_ll_rcc.o [5]
computePosition          0x802'077d     0x1de  Code  Gb  AE_vl53l8.o [1]
count                   0x2000'0498       0x1  Data  Gb  main.o [8]
dev                     0x2000'4da6       0x2  Data  Gb  sensors.o [7]
dev_ctx                 0x2000'4d58      0x10  Data  Gb  sensors.o [7]
exit                     0x802'3a17       0x4  Code  Gb  exit.o [10]
findCenterHand           0x802'044b      0x5e  Code  Gb  AE_vl53l8.o [1]
gI2C_Bus_DigitalHeader  0x2000'4cf8      0x28  Data  Gb  I2C_MasterIO.o [2]
gI2C_Bus_Sensor         0x2000'4cd0      0x28  Data  Gb  I2C_MasterIO.o [2]
gSlaveSweep             0x2000'4daa       0x1  Data  Gb  I2C_MasterIO.o [2]
g_Sensor                0x2000'0000     0x1a4  Data  Gb  AE_vl53l8.o [1]
hadc                    0x2000'01a4      0xd0  Data  Gb  analog.o [1]
hdac                    0x2000'0274      0x28  Data  Gb  analog.o [1]
hospi1                  0x2000'4b94      0x60  Data  Gb  octospi 1.o [2]
iDS_PAD_NextMatchBySignal
                         0x801'8c79      0x2e  Code  Gb  io_drive.o [1]
int1_route              0x2000'4da4       0x2  Data  Gb  sensors.o [7]
isClicked                0x802'095b      0x28  Code  Gb  AE_vl53l8.o [1]
isReady                 0x2000'4dbb       0x1  Data  Gb  sensors.o [7]
linearRegressionX        0x802'04f9     0x136  Code  Gb  AE_vl53l8.o [1]
linearRegressionY        0x802'0631     0x13a  Code  Gb  AE_vl53l8.o [1]
lis2du12_bus_mode_set    0x801'fb03      0x76  Code  Gb  lis2du12_reg.o [7]
lis2du12_id_get          0x801'faed      0x16  Code  Gb  lis2du12_reg.o [7]
lis2du12_init_set        0x801'fb79      0xc0  Code  Gb  lis2du12_reg.o [7]
lis2du12_mode_set        0x801'fca9      0x60  Code  Gb  lis2du12_reg.o [7]
lis2du12_pin_int1_route_get
                         0x801'fe67     0x112  Code  Gb  lis2du12_reg.o [7]
lis2du12_pin_int1_route_set
                         0x801'fd09     0x15e  Code  Gb  lis2du12_reg.o [7]
lis2du12_read_reg        0x802'1a49      0x10  Code  Wk  lis2du12_reg.o [7]
lis2du12_status_get      0x801'fc39      0x70  Code  Gb  lis2du12_reg.o [7]
lis2du12_write_reg       0x802'1a59      0x10  Code  Wk  lis2du12_reg.o [7]
lis_data                0x2000'4d3c      0x1c  Data  Gb  sensors.o [7]
lis_id                  0x2000'4db9       0x1  Data  Gb  sensors.o [7]
lis_md                  0x2000'4d9c       0x4  Data  Gb  sensors.o [7]
lis_status              0x2000'4db8       0x1  Data  Gb  sensors.o [7]
loop                    0x2000'4dba       0x1  Data  Gb  sensors.o [7]
lpf_a_t                 0x2000'4db5       0x1  Data  Gb  sensors.o [7]
lpf_m                   0x2000'4db2       0x1  Data  Gb  sensors.o [7]
lpf_p                   0x2000'4db3       0x1  Data  Gb  sensors.o [7]
lpf_p_m                 0x2000'4db4       0x1  Data  Gb  sensors.o [7]
main                     0x801'9dfd     0x120  Code  Gb  main.o [8]
ospi_init                0x801'9fff      0x80  Code  Gb  main.o [8]
ospi_test                0x801'a07f      0xaa  Code  Gb  main.o [8]
pBrisk_Report           0x2000'02a8       0x4  Data  Gb  brisk_reports.o [8]
pDS_PAD_MatchByPinAndSignal
                         0x801'8c39      0x40  Code  Gb  io_drive.o [1]
pGPIO_PadValidMask       0x802'3a3c      0x1c  Data  Gb  HabuLQFP100_SMPS.o [1]
parseDataTof8            0x802'03ef      0x5c  Code  Gb  AE_vl53l8.o [1]
percent                 0x2000'4d88       0x4  Data  Gb  main.o [8]
platform_read            0x801'ba45      0x18  Code  Gb  sensors.o [7]
platform_write           0x801'ba2d      0x18  Code  Gb  sensors.o [7]
printResult              0x802'0983     0x108  Code  Gb  AE_vl53l8.o [1]
processDataTof8          0x802'0a91      0x60  Code  Gb  AE_vl53l8.o [1]
returnCenterValue_mm     0x802'0357      0x72  Code  Gb  AE_vl53l8.o [1]
returnDistanceBetweenTwoPad_mm
                         0x802'04d5      0x24  Code  Gb  AE_vl53l8.o [1]
rock_limits              0x802'3b34       0xc  Data  Gb  app.o [8]
sConf                   0x2000'4b34      0x60  Data  Gb  analog.o [1]
sConfig                 0x2000'4c90      0x40  Data  Gb  analog.o [1]
sConfigLED              0x2000'4d20      0x1c  Data  Gb  LEDs.o [1]
sHelloFromBT             0x802'3ac4      0x10  Data  Gb  SerialComPort.o [2]
sLPConfigLED            0x2000'4d78       0x8  Data  Gb  LEDs.o [1]
sensor_id               0x2000'4da8       0x2  Data  Gb  sensors.o [7]
sortAscendingArray       0x802'02f5      0x62  Code  Gb  AE_vl53l8.o [1]
sths34pf80_algo_reset    0x801'fad9      0x14  Code  Gb  sths34pf80_reg.o [7]
sths34pf80_avg_tambient_num_set
                         0x801'f677      0x30  Code  Gb  sths34pf80_reg.o [7]
sths34pf80_avg_tobject_num_set
                         0x801'f647      0x30  Code  Gb  sths34pf80_reg.o [7]
sths34pf80_block_data_update_set
                         0x801'f7cb      0x30  Code  Gb  sths34pf80_reg.o [7]
sths34pf80_device_id_get
                         0x801'f639       0xe  Code  Gb  sths34pf80_reg.o [7]
sths34pf80_drdy_status_get
                         0x801'f82b      0x20  Code  Gb  sths34pf80_reg.o [7]
sths34pf80_func_cfg_write
                         0x801'fa07      0xd2  Code  Gb  sths34pf80_reg.o [7]
sths34pf80_func_status_get
                         0x801'f84b      0x3c  Code  Gb  sths34pf80_reg.o [7]
sths34pf80_lpf_a_t_bandwidth_get
                         0x801'f947      0x5e  Code  Gb  sths34pf80_reg.o [7]
sths34pf80_lpf_m_bandwidth_get
                         0x801'f887      0x5e  Code  Gb  sths34pf80_reg.o [7]
sths34pf80_lpf_p_bandwidth_get
                         0x801'f9a5      0x62  Code  Gb  sths34pf80_reg.o [7]
sths34pf80_lpf_p_m_bandwidth_get
                         0x801'f8e5      0x62  Code  Gb  sths34pf80_reg.o [7]
sths34pf80_mem_bank_set
                         0x801'f7fb      0x30  Code  Gb  sths34pf80_reg.o [7]
sths34pf80_odr_safe_set
                         0x801'f70f      0x42  Code  Lc  sths34pf80_reg.o [7]
sths34pf80_odr_set       0x801'f751      0x7a  Code  Gb  sths34pf80_reg.o [7]
sths34pf80_read_reg      0x802'1a29      0x10  Code  Wk  sths34pf80_reg.o [7]
sths34pf80_safe_power_down
                         0x801'f6a7      0x68  Code  Lc  sths34pf80_reg.o [7]
sths34pf80_write_reg     0x802'1a39      0x10  Code  Wk  sths34pf80_reg.o [7]
u8fifo_from_RX          0x2000'4a8c      0xa8  Data  Gb  SerialComPort.o [2]
u8fifo_to_TX            0x2000'49e4      0xa8  Data  Gb  SerialComPort.o [2]
u8fifo_to_USARTn_Emptied
                         0x801'b80f       0xa  Code  Gb  SerialComPort.o [2]
u8fifo_to_USARTn_NoLongerEmpty
                         0x801'b805       0xa  Code  Gb  SerialComPort.o [2]
uwTick                  0x2000'4da0       0x4  Data  Gb  stm32u3xx_hal.o [5]
uwTickFreq              0x2000'0499       0x1  Data  Gb  stm32u3xx_hal.o [5]
uwTickPrio              0x2000'0484       0x4  Data  Gb  stm32u3xx_hal.o [5]
vl53l8cx_check_data_ready
                         0x801'7b09      0x6a  Code  Gb  vl53l8cx_api.o [9]
vl53l8cx_dci_read_data   0x801'7f35      0xc4  Code  Gb  vl53l8cx_api.o [9]
vl53l8cx_dci_write_data
                         0x801'7ffd     0x102  Code  Gb  vl53l8cx_api.o [9]
vl53l8cx_get_ranging_data
                         0x801'7b73     0x278  Code  Gb  vl53l8cx_api.o [9]
vl53l8cx_get_resolution
                         0x801'7deb      0x2c  Code  Gb  vl53l8cx_api.o [9]
vl53l8cx_init            0x801'7389     0x546  Code  Gb  vl53l8cx_api.o [9]
vl53l8cx_is_alive        0x801'732b      0x5e  Code  Gb  vl53l8cx_api.o [9]
vl53l8cx_set_resolution
                         0x801'7e17     0x11e  Code  Gb  vl53l8cx_api.o [9]
vl53l8cx_start_ranging   0x801'78cf     0x210  Code  Gb  vl53l8cx_api.o [9]


[1] = C:\Users\alexandre estor\OneDrive - STMicroelectronics\Documents\IAR_tof8\U3_SW040\Projects\Naquada\App\TZDisabled\EWARM\NUCLEO-U385RG_Templates_Legacy\Obj\BSP_16987466797925798938.dir
[2] = C:\Users\alexandre estor\OneDrive - STMicroelectronics\Documents\IAR_tof8\U3_SW040\Projects\Naquada\App\TZDisabled\EWARM\NUCLEO-U385RG_Templates_Legacy\Obj\BUS_6704256982988483995.dir
[3] = C:\Users\alexandre estor\OneDrive - STMicroelectronics\Documents\IAR_tof8\U3_SW040\Projects\Naquada\App\TZDisabled\EWARM\NUCLEO-U385RG_Templates_Legacy\Obj\CMSIS_6603591812247902717.dir
[4] = C:\Users\alexandre estor\OneDrive - STMicroelectronics\Documents\IAR_tof8\U3_SW040\Projects\Naquada\App\TZDisabled\EWARM\NUCLEO-U385RG_Templates_Legacy\Obj\EWARM_7214922893274846302.dir
[5] = C:\Users\alexandre estor\OneDrive - STMicroelectronics\Documents\IAR_tof8\U3_SW040\Projects\Naquada\App\TZDisabled\EWARM\NUCLEO-U385RG_Templates_Legacy\Obj\STM32U3xx_HAL_Driver_10217621924548668335.dir
[6] = C:\Users\alexandre estor\OneDrive - STMicroelectronics\Documents\IAR_tof8\U3_SW040\Projects\Naquada\App\TZDisabled\EWARM\NUCLEO-U385RG_Templates_Legacy\Obj\STM32U3xx_Nucleo_4207073700980246879.dir
[7] = C:\Users\alexandre estor\OneDrive - STMicroelectronics\Documents\IAR_tof8\U3_SW040\Projects\Naquada\App\TZDisabled\EWARM\NUCLEO-U385RG_Templates_Legacy\Obj\Sensors_7080110685326339521.dir
[8] = C:\Users\alexandre estor\OneDrive - STMicroelectronics\Documents\IAR_tof8\U3_SW040\Projects\Naquada\App\TZDisabled\EWARM\NUCLEO-U385RG_Templates_Legacy\Obj\User_7280784329937237312.dir
[9] = C:\Users\alexandre estor\OneDrive - STMicroelectronics\Documents\IAR_tof8\U3_SW040\Projects\Naquada\App\TZDisabled\EWARM\NUCLEO-U385RG_Templates_Legacy\Obj\VL53L8CX_9662947142654755518.dir
[10] = dl7M_tln.a
[11] = m7M_tls.a
[12] = rt7M_tl.a
[13] = shb_l.a

  48'400 bytes of readonly  code memory
  98'817 bytes of readonly  data memory
  20'922 bytes of readwrite data memory

Errors: none
Warnings: none
